15:51:18 **** Build of configuration Debug for project BSP_CM7 ****
make -j8 all 
arm-none-eabi-gcc "D:/stm original/carpeta con parche/STM32Cube_FW_H7_V1.11.0/Utilities/lcd/stm32_lcd.c" -mcpu=cortex-m7 -std=gnu11 -g3 -DDEBUG -DUSE_STM32H747I_DISCO -DUSE_HAL_DRIVER -DSTM32H747xx -DCORE_CM7 -DTS_MULTI_TOUCH_SUPPORTED -c -I../../../CM7/Inc -I../../../../../../../Drivers/CMSIS/Device/ST/STM32H7xx/Include -I../../../../../../../Drivers/STM32H7xx_HAL_Driver/Inc -I../../../../../../../Drivers/BSP/STM32H747I-DISCO -I../../../../../../../Drivers/BSP/Components/Common -I../../../../../../../Utilities/lcd -I../../../../../../../Utilities/Fonts -I../../../../../../../Utilities/CPU -I../../../../../../../Middlewares/ST/STM32_Audio/Addons/PDM/Inc -I../../../../../../../Drivers/CMSIS/Include -O0 -ffunction-sections -fdata-sections -Wall -fstack-usage -fcyclomatic-complexity -MMD -MP -MF"Utilities/stm32_lcd.d" -MT"Utilities/stm32_lcd.o" --specs=nano.specs -mfpu=fpv5-d16 -mfloat-abi=hard -mthumb -o "Utilities/stm32_lcd.o"
arm-none-eabi-gcc -mcpu=cortex-m7 -g3 -DDEBUG -c -x assembler-with-cpp -MMD -MP -MF"Example/User/Startup/startup_stm32h747xihx.d" -MT"Example/User/Startup/startup_stm32h747xihx.o" --specs=nano.specs -mfpu=fpv5-d16 -mfloat-abi=hard -mthumb -o "Example/User/Startup/startup_stm32h747xihx.o" "../Example/User/Startup/startup_stm32h747xihx.s"
arm-none-eabi-gcc "D:/stm original/carpeta con parche/STM32Cube_FW_H7_V1.11.0/Projects/STM32H747I-DISCO/Examples/BSP/CM7/Src/audio_play.c" -mcpu=cortex-m7 -std=gnu11 -g3 -DDEBUG -DUSE_STM32H747I_DISCO -DUSE_HAL_DRIVER -DSTM32H747xx -DCORE_CM7 -DTS_MULTI_TOUCH_SUPPORTED -c -I../../../CM7/Inc -I../../../../../../../Drivers/CMSIS/Device/ST/STM32H7xx/Include -I../../../../../../../Drivers/STM32H7xx_HAL_Driver/Inc -I../../../../../../../Drivers/BSP/STM32H747I-DISCO -I../../../../../../../Drivers/BSP/Components/Common -I../../../../../../../Utilities/lcd -I../../../../../../../Utilities/Fonts -I../../../../../../../Utilities/CPU -I../../../../../../../Middlewares/ST/STM32_Audio/Addons/PDM/Inc -I../../../../../../../Drivers/CMSIS/Include -O0 -ffunction-sections -fdata-sections -Wall -fstack-usage -fcyclomatic-complexity -MMD -MP -MF"Example/User/CM7/audio_play.d" -MT"Example/User/CM7/audio_play.o" --specs=nano.specs -mfpu=fpv5-d16 -mfloat-abi=hard -mthumb -o "Example/User/CM7/audio_play.o"
arm-none-eabi-gcc "D:/stm original/carpeta con parche/STM32Cube_FW_H7_V1.11.0/Projects/STM32H747I-DISCO/Examples/BSP/CM7/Src/audio_record.c" -mcpu=cortex-m7 -std=gnu11 -g3 -DDEBUG -DUSE_STM32H747I_DISCO -DUSE_HAL_DRIVER -DSTM32H747xx -DCORE_CM7 -DTS_MULTI_TOUCH_SUPPORTED -c -I../../../CM7/Inc -I../../../../../../../Drivers/CMSIS/Device/ST/STM32H7xx/Include -I../../../../../../../Drivers/STM32H7xx_HAL_Driver/Inc -I../../../../../../../Drivers/BSP/STM32H747I-DISCO -I../../../../../../../Drivers/BSP/Components/Common -I../../../../../../../Utilities/lcd -I../../../../../../../Utilities/Fonts -I../../../../../../../Utilities/CPU -I../../../../../../../Middlewares/ST/STM32_Audio/Addons/PDM/Inc -I../../../../../../../Drivers/CMSIS/Include -O0 -ffunction-sections -fdata-sections -Wall -fstack-usage -fcyclomatic-complexity -MMD -MP -MF"Example/User/CM7/audio_record.d" -MT"Example/User/CM7/audio_record.o" --specs=nano.specs -mfpu=fpv5-d16 -mfloat-abi=hard -mthumb -o "Example/User/CM7/audio_record.o"
arm-none-eabi-gcc "D:/stm original/carpeta con parche/STM32Cube_FW_H7_V1.11.0/Projects/STM32H747I-DISCO/Examples/BSP/CM7/Src/camera.c" -mcpu=cortex-m7 -std=gnu11 -g3 -DDEBUG -DUSE_STM32H747I_DISCO -DUSE_HAL_DRIVER -DSTM32H747xx -DCORE_CM7 -DTS_MULTI_TOUCH_SUPPORTED -c -I../../../CM7/Inc -I../../../../../../../Drivers/CMSIS/Device/ST/STM32H7xx/Include -I../../../../../../../Drivers/STM32H7xx_HAL_Driver/Inc -I../../../../../../../Drivers/BSP/STM32H747I-DISCO -I../../../../../../../Drivers/BSP/Components/Common -I../../../../../../../Utilities/lcd -I../../../../../../../Utilities/Fonts -I../../../../../../../Utilities/CPU -I../../../../../../../Middlewares/ST/STM32_Audio/Addons/PDM/Inc -I../../../../../../../Drivers/CMSIS/Include -O0 -ffunction-sections -fdata-sections -Wall -fstack-usage -fcyclomatic-complexity -MMD -MP -MF"Example/User/CM7/camera.d" -MT"Example/User/CM7/camera.o" --specs=nano.specs -mfpu=fpv5-d16 -mfloat-abi=hard -mthumb -o "Example/User/CM7/camera.o"
arm-none-eabi-gcc "D:/stm original/carpeta con parche/STM32Cube_FW_H7_V1.11.0/Projects/STM32H747I-DISCO/Examples/BSP/CM7/Src/joystick.c" -mcpu=cortex-m7 -std=gnu11 -g3 -DDEBUG -DUSE_STM32H747I_DISCO -DUSE_HAL_DRIVER -DSTM32H747xx -DCORE_CM7 -DTS_MULTI_TOUCH_SUPPORTED -c -I../../../CM7/Inc -I../../../../../../../Drivers/CMSIS/Device/ST/STM32H7xx/Include -I../../../../../../../Drivers/STM32H7xx_HAL_Driver/Inc -I../../../../../../../Drivers/BSP/STM32H747I-DISCO -I../../../../../../../Drivers/BSP/Components/Common -I../../../../../../../Utilities/lcd -I../../../../../../../Utilities/Fonts -I../../../../../../../Utilities/CPU -I../../../../../../../Middlewares/ST/STM32_Audio/Addons/PDM/Inc -I../../../../../../../Drivers/CMSIS/Include -O0 -ffunction-sections -fdata-sections -Wall -fstack-usage -fcyclomatic-complexity -MMD -MP -MF"Example/User/CM7/joystick.d" -MT"Example/User/CM7/joystick.o" --specs=nano.specs -mfpu=fpv5-d16 -mfloat-abi=hard -mthumb -o "Example/User/CM7/joystick.o"
arm-none-eabi-gcc "D:/stm original/carpeta con parche/STM32Cube_FW_H7_V1.11.0/Projects/STM32H747I-DISCO/Examples/BSP/CM7/Src/lcd.c" -mcpu=cortex-m7 -std=gnu11 -g3 -DDEBUG -DUSE_STM32H747I_DISCO -DUSE_HAL_DRIVER -DSTM32H747xx -DCORE_CM7 -DTS_MULTI_TOUCH_SUPPORTED -c -I../../../CM7/Inc -I../../../../../../../Drivers/CMSIS/Device/ST/STM32H7xx/Include -I../../../../../../../Drivers/STM32H7xx_HAL_Driver/Inc -I../../../../../../../Drivers/BSP/STM32H747I-DISCO -I../../../../../../../Drivers/BSP/Components/Common -I../../../../../../../Utilities/lcd -I../../../../../../../Utilities/Fonts -I../../../../../../../Utilities/CPU -I../../../../../../../Middlewares/ST/STM32_Audio/Addons/PDM/Inc -I../../../../../../../Drivers/CMSIS/Include -O0 -ffunction-sections -fdata-sections -Wall -fstack-usage -fcyclomatic-complexity -MMD -MP -MF"Example/User/CM7/lcd.d" -MT"Example/User/CM7/lcd.o" --specs=nano.specs -mfpu=fpv5-d16 -mfloat-abi=hard -mthumb -o "Example/User/CM7/lcd.o"
arm-none-eabi-gcc "D:/stm original/carpeta con parche/STM32Cube_FW_H7_V1.11.0/Projects/STM32H747I-DISCO/Examples/BSP/CM7/Src/main.c" -mcpu=cortex-m7 -std=gnu11 -g3 -DDEBUG -DUSE_STM32H747I_DISCO -DUSE_HAL_DRIVER -DSTM32H747xx -DCORE_CM7 -DTS_MULTI_TOUCH_SUPPORTED -c -I../../../CM7/Inc -I../../../../../../../Drivers/CMSIS/Device/ST/STM32H7xx/Include -I../../../../../../../Drivers/STM32H7xx_HAL_Driver/Inc -I../../../../../../../Drivers/BSP/STM32H747I-DISCO -I../../../../../../../Drivers/BSP/Components/Common -I../../../../../../../Utilities/lcd -I../../../../../../../Utilities/Fonts -I../../../../../../../Utilities/CPU -I../../../../../../../Middlewares/ST/STM32_Audio/Addons/PDM/Inc -I../../../../../../../Drivers/CMSIS/Include -O0 -ffunction-sections -fdata-sections -Wall -fstack-usage -fcyclomatic-complexity -MMD -MP -MF"Example/User/CM7/main.d" -MT"Example/User/CM7/main.o" --specs=nano.specs -mfpu=fpv5-d16 -mfloat-abi=hard -mthumb -o "Example/User/CM7/main.o"
arm-none-eabi-gcc "D:/stm original/carpeta con parche/STM32Cube_FW_H7_V1.11.0/Projects/STM32H747I-DISCO/Examples/BSP/CM7/Src/qspi.c" -mcpu=cortex-m7 -std=gnu11 -g3 -DDEBUG -DUSE_STM32H747I_DISCO -DUSE_HAL_DRIVER -DSTM32H747xx -DCORE_CM7 -DTS_MULTI_TOUCH_SUPPORTED -c -I../../../CM7/Inc -I../../../../../../../Drivers/CMSIS/Device/ST/STM32H7xx/Include -I../../../../../../../Drivers/STM32H7xx_HAL_Driver/Inc -I../../../../../../../Drivers/BSP/STM32H747I-DISCO -I../../../../../../../Drivers/BSP/Components/Common -I../../../../../../../Utilities/lcd -I../../../../../../../Utilities/Fonts -I../../../../../../../Utilities/CPU -I../../../../../../../Middlewares/ST/STM32_Audio/Addons/PDM/Inc -I../../../../../../../Drivers/CMSIS/Include -O0 -ffunction-sections -fdata-sections -Wall -fstack-usage -fcyclomatic-complexity -MMD -MP -MF"Example/User/CM7/qspi.d" -MT"Example/User/CM7/qspi.o" --specs=nano.specs -mfpu=fpv5-d16 -mfloat-abi=hard -mthumb -o "Example/User/CM7/qspi.o"
arm-none-eabi-gcc "D:/stm original/carpeta con parche/STM32Cube_FW_H7_V1.11.0/Projects/STM32H747I-DISCO/Examples/BSP/CM7/Src/sd.c" -mcpu=cortex-m7 -std=gnu11 -g3 -DDEBUG -DUSE_STM32H747I_DISCO -DUSE_HAL_DRIVER -DSTM32H747xx -DCORE_CM7 -DTS_MULTI_TOUCH_SUPPORTED -c -I../../../CM7/Inc -I../../../../../../../Drivers/CMSIS/Device/ST/STM32H7xx/Include -I../../../../../../../Drivers/STM32H7xx_HAL_Driver/Inc -I../../../../../../../Drivers/BSP/STM32H747I-DISCO -I../../../../../../../Drivers/BSP/Components/Common -I../../../../../../../Utilities/lcd -I../../../../../../../Utilities/Fonts -I../../../../../../../Utilities/CPU -I../../../../../../../Middlewares/ST/STM32_Audio/Addons/PDM/Inc -I../../../../../../../Drivers/CMSIS/Include -O0 -ffunction-sections -fdata-sections -Wall -fstack-usage -fcyclomatic-complexity -MMD -MP -MF"Example/User/CM7/sd.d" -MT"Example/User/CM7/sd.o" --specs=nano.specs -mfpu=fpv5-d16 -mfloat-abi=hard -mthumb -o "Example/User/CM7/sd.o"
arm-none-eabi-gcc "D:/stm original/carpeta con parche/STM32Cube_FW_H7_V1.11.0/Projects/STM32H747I-DISCO/Examples/BSP/CM7/Src/sdram.c" -mcpu=cortex-m7 -std=gnu11 -g3 -DDEBUG -DUSE_STM32H747I_DISCO -DUSE_HAL_DRIVER -DSTM32H747xx -DCORE_CM7 -DTS_MULTI_TOUCH_SUPPORTED -c -I../../../CM7/Inc -I../../../../../../../Drivers/CMSIS/Device/ST/STM32H7xx/Include -I../../../../../../../Drivers/STM32H7xx_HAL_Driver/Inc -I../../../../../../../Drivers/BSP/STM32H747I-DISCO -I../../../../../../../Drivers/BSP/Components/Common -I../../../../../../../Utilities/lcd -I../../../../../../../Utilities/Fonts -I../../../../../../../Utilities/CPU -I../../../../../../../Middlewares/ST/STM32_Audio/Addons/PDM/Inc -I../../../../../../../Drivers/CMSIS/Include -O0 -ffunction-sections -fdata-sections -Wall -fstack-usage -fcyclomatic-complexity -MMD -MP -MF"Example/User/CM7/sdram.d" -MT"Example/User/CM7/sdram.o" --specs=nano.specs -mfpu=fpv5-d16 -mfloat-abi=hard -mthumb -o "Example/User/CM7/sdram.o"
arm-none-eabi-gcc "D:/stm original/carpeta con parche/STM32Cube_FW_H7_V1.11.0/Projects/STM32H747I-DISCO/Examples/BSP/CM7/Src/stm32h7xx_it.c" -mcpu=cortex-m7 -std=gnu11 -g3 -DDEBUG -DUSE_STM32H747I_DISCO -DUSE_HAL_DRIVER -DSTM32H747xx -DCORE_CM7 -DTS_MULTI_TOUCH_SUPPORTED -c -I../../../CM7/Inc -I../../../../../../../Drivers/CMSIS/Device/ST/STM32H7xx/Include -I../../../../../../../Drivers/STM32H7xx_HAL_Driver/Inc -I../../../../../../../Drivers/BSP/STM32H747I-DISCO -I../../../../../../../Drivers/BSP/Components/Common -I../../../../../../../Utilities/lcd -I../../../../../../../Utilities/Fonts -I../../../../../../../Utilities/CPU -I../../../../../../../Middlewares/ST/STM32_Audio/Addons/PDM/Inc -I../../../../../../../Drivers/CMSIS/Include -O0 -ffunction-sections -fdata-sections -Wall -fstack-usage -fcyclomatic-complexity -MMD -MP -MF"Example/User/CM7/stm32h7xx_it.d" -MT"Example/User/CM7/stm32h7xx_it.o" --specs=nano.specs -mfpu=fpv5-d16 -mfloat-abi=hard -mthumb -o "Example/User/CM7/stm32h7xx_it.o"
arm-none-eabi-gcc "../Example/User/CM7/syscalls.c" -mcpu=cortex-m7 -std=gnu11 -g3 -DDEBUG -DUSE_STM32H747I_DISCO -DUSE_HAL_DRIVER -DSTM32H747xx -DCORE_CM7 -DTS_MULTI_TOUCH_SUPPORTED -c -I../../../CM7/Inc -I../../../../../../../Drivers/CMSIS/Device/ST/STM32H7xx/Include -I../../../../../../../Drivers/STM32H7xx_HAL_Driver/Inc -I../../../../../../../Drivers/BSP/STM32H747I-DISCO -I../../../../../../../Drivers/BSP/Components/Common -I../../../../../../../Utilities/lcd -I../../../../../../../Utilities/Fonts -I../../../../../../../Utilities/CPU -I../../../../../../../Middlewares/ST/STM32_Audio/Addons/PDM/Inc -I../../../../../../../Drivers/CMSIS/Include -O0 -ffunction-sections -fdata-sections -Wall -fstack-usage -fcyclomatic-complexity -MMD -MP -MF"Example/User/CM7/syscalls.d" -MT"Example/User/CM7/syscalls.o" --specs=nano.specs -mfpu=fpv5-d16 -mfloat-abi=hard -mthumb -o "Example/User/CM7/syscalls.o"
arm-none-eabi-gcc "../Example/User/CM7/sysmem.c" -mcpu=cortex-m7 -std=gnu11 -g3 -DDEBUG -DUSE_STM32H747I_DISCO -DUSE_HAL_DRIVER -DSTM32H747xx -DCORE_CM7 -DTS_MULTI_TOUCH_SUPPORTED -c -I../../../CM7/Inc -I../../../../../../../Drivers/CMSIS/Device/ST/STM32H7xx/Include -I../../../../../../../Drivers/STM32H7xx_HAL_Driver/Inc -I../../../../../../../Drivers/BSP/STM32H747I-DISCO -I../../../../../../../Drivers/BSP/Components/Common -I../../../../../../../Utilities/lcd -I../../../../../../../Utilities/Fonts -I../../../../../../../Utilities/CPU -I../../../../../../../Middlewares/ST/STM32_Audio/Addons/PDM/Inc -I../../../../../../../Drivers/CMSIS/Include -O0 -ffunction-sections -fdata-sections -Wall -fstack-usage -fcyclomatic-complexity -MMD -MP -MF"Example/User/CM7/sysmem.d" -MT"Example/User/CM7/sysmem.o" --specs=nano.specs -mfpu=fpv5-d16 -mfloat-abi=hard -mthumb -o "Example/User/CM7/sysmem.o"
arm-none-eabi-gcc "D:/stm original/carpeta con parche/STM32Cube_FW_H7_V1.11.0/Projects/STM32H747I-DISCO/Examples/BSP/CM7/Src/touchscreen.c" -mcpu=cortex-m7 -std=gnu11 -g3 -DDEBUG -DUSE_STM32H747I_DISCO -DUSE_HAL_DRIVER -DSTM32H747xx -DCORE_CM7 -DTS_MULTI_TOUCH_SUPPORTED -c -I../../../CM7/Inc -I../../../../../../../Drivers/CMSIS/Device/ST/STM32H7xx/Include -I../../../../../../../Drivers/STM32H7xx_HAL_Driver/Inc -I../../../../../../../Drivers/BSP/STM32H747I-DISCO -I../../../../../../../Drivers/BSP/Components/Common -I../../../../../../../Utilities/lcd -I../../../../../../../Utilities/Fonts -I../../../../../../../Utilities/CPU -I../../../../../../../Middlewares/ST/STM32_Audio/Addons/PDM/Inc -I../../../../../../../Drivers/CMSIS/Include -O0 -ffunction-sections -fdata-sections -Wall -fstack-usage -fcyclomatic-complexity -MMD -MP -MF"Example/User/CM7/touchscreen.d" -MT"Example/User/CM7/touchscreen.o" --specs=nano.specs -mfpu=fpv5-d16 -mfloat-abi=hard -mthumb -o "Example/User/CM7/touchscreen.o"
arm-none-eabi-gcc "D:/stm original/carpeta con parche/STM32Cube_FW_H7_V1.11.0/Drivers/STM32H7xx_HAL_Driver/Src/stm32h7xx_hal.c" -mcpu=cortex-m7 -std=gnu11 -g3 -DDEBUG -DUSE_STM32H747I_DISCO -DUSE_HAL_DRIVER -DSTM32H747xx -DCORE_CM7 -DTS_MULTI_TOUCH_SUPPORTED -c -I../../../CM7/Inc -I../../../../../../../Drivers/CMSIS/Device/ST/STM32H7xx/Include -I../../../../../../../Drivers/STM32H7xx_HAL_Driver/Inc -I../../../../../../../Drivers/BSP/STM32H747I-DISCO -I../../../../../../../Drivers/BSP/Components/Common -I../../../../../../../Utilities/lcd -I../../../../../../../Utilities/Fonts -I../../../../../../../Utilities/CPU -I../../../../../../../Middlewares/ST/STM32_Audio/Addons/PDM/Inc -I../../../../../../../Drivers/CMSIS/Include -O0 -ffunction-sections -fdata-sections -Wall -fstack-usage -fcyclomatic-complexity -MMD -MP -MF"Drivers/STM32H7xx_HAL_Driver/stm32h7xx_hal.d" -MT"Drivers/STM32H7xx_HAL_Driver/stm32h7xx_hal.o" --specs=nano.specs -mfpu=fpv5-d16 -mfloat-abi=hard -mthumb -o "Drivers/STM32H7xx_HAL_Driver/stm32h7xx_hal.o"
arm-none-eabi-gcc "D:/stm original/carpeta con parche/STM32Cube_FW_H7_V1.11.0/Drivers/STM32H7xx_HAL_Driver/Src/stm32h7xx_hal_adc.c" -mcpu=cortex-m7 -std=gnu11 -g3 -DDEBUG -DUSE_STM32H747I_DISCO -DUSE_HAL_DRIVER -DSTM32H747xx -DCORE_CM7 -DTS_MULTI_TOUCH_SUPPORTED -c -I../../../CM7/Inc -I../../../../../../../Drivers/CMSIS/Device/ST/STM32H7xx/Include -I../../../../../../../Drivers/STM32H7xx_HAL_Driver/Inc -I../../../../../../../Drivers/BSP/STM32H747I-DISCO -I../../../../../../../Drivers/BSP/Components/Common -I../../../../../../../Utilities/lcd -I../../../../../../../Utilities/Fonts -I../../../../../../../Utilities/CPU -I../../../../../../../Middlewares/ST/STM32_Audio/Addons/PDM/Inc -I../../../../../../../Drivers/CMSIS/Include -O0 -ffunction-sections -fdata-sections -Wall -fstack-usage -fcyclomatic-complexity -MMD -MP -MF"Drivers/STM32H7xx_HAL_Driver/stm32h7xx_hal_adc.d" -MT"Drivers/STM32H7xx_HAL_Driver/stm32h7xx_hal_adc.o" --specs=nano.specs -mfpu=fpv5-d16 -mfloat-abi=hard -mthumb -o "Drivers/STM32H7xx_HAL_Driver/stm32h7xx_hal_adc.o"
arm-none-eabi-gcc "D:/stm original/carpeta con parche/STM32Cube_FW_H7_V1.11.0/Drivers/STM32H7xx_HAL_Driver/Src/stm32h7xx_hal_adc_ex.c" -mcpu=cortex-m7 -std=gnu11 -g3 -DDEBUG -DUSE_STM32H747I_DISCO -DUSE_HAL_DRIVER -DSTM32H747xx -DCORE_CM7 -DTS_MULTI_TOUCH_SUPPORTED -c -I../../../CM7/Inc -I../../../../../../../Drivers/CMSIS/Device/ST/STM32H7xx/Include -I../../../../../../../Drivers/STM32H7xx_HAL_Driver/Inc -I../../../../../../../Drivers/BSP/STM32H747I-DISCO -I../../../../../../../Drivers/BSP/Components/Common -I../../../../../../../Utilities/lcd -I../../../../../../../Utilities/Fonts -I../../../../../../../Utilities/CPU -I../../../../../../../Middlewares/ST/STM32_Audio/Addons/PDM/Inc -I../../../../../../../Drivers/CMSIS/Include -O0 -ffunction-sections -fdata-sections -Wall -fstack-usage -fcyclomatic-complexity -MMD -MP -MF"Drivers/STM32H7xx_HAL_Driver/stm32h7xx_hal_adc_ex.d" -MT"Drivers/STM32H7xx_HAL_Driver/stm32h7xx_hal_adc_ex.o" --specs=nano.specs -mfpu=fpv5-d16 -mfloat-abi=hard -mthumb -o "Drivers/STM32H7xx_HAL_Driver/stm32h7xx_hal_adc_ex.o"
arm-none-eabi-gcc "D:/stm original/carpeta con parche/STM32Cube_FW_H7_V1.11.0/Drivers/STM32H7xx_HAL_Driver/Src/stm32h7xx_hal_cortex.c" -mcpu=cortex-m7 -std=gnu11 -g3 -DDEBUG -DUSE_STM32H747I_DISCO -DUSE_HAL_DRIVER -DSTM32H747xx -DCORE_CM7 -DTS_MULTI_TOUCH_SUPPORTED -c -I../../../CM7/Inc -I../../../../../../../Drivers/CMSIS/Device/ST/STM32H7xx/Include -I../../../../../../../Drivers/STM32H7xx_HAL_Driver/Inc -I../../../../../../../Drivers/BSP/STM32H747I-DISCO -I../../../../../../../Drivers/BSP/Components/Common -I../../../../../../../Utilities/lcd -I../../../../../../../Utilities/Fonts -I../../../../../../../Utilities/CPU -I../../../../../../../Middlewares/ST/STM32_Audio/Addons/PDM/Inc -I../../../../../../../Drivers/CMSIS/Include -O0 -ffunction-sections -fdata-sections -Wall -fstack-usage -fcyclomatic-complexity -MMD -MP -MF"Drivers/STM32H7xx_HAL_Driver/stm32h7xx_hal_cortex.d" -MT"Drivers/STM32H7xx_HAL_Driver/stm32h7xx_hal_cortex.o" --specs=nano.specs -mfpu=fpv5-d16 -mfloat-abi=hard -mthumb -o "Drivers/STM32H7xx_HAL_Driver/stm32h7xx_hal_cortex.o"
arm-none-eabi-gcc "D:/stm original/carpeta con parche/STM32Cube_FW_H7_V1.11.0/Drivers/STM32H7xx_HAL_Driver/Src/stm32h7xx_hal_dcmi.c" -mcpu=cortex-m7 -std=gnu11 -g3 -DDEBUG -DUSE_STM32H747I_DISCO -DUSE_HAL_DRIVER -DSTM32H747xx -DCORE_CM7 -DTS_MULTI_TOUCH_SUPPORTED -c -I../../../CM7/Inc -I../../../../../../../Drivers/CMSIS/Device/ST/STM32H7xx/Include -I../../../../../../../Drivers/STM32H7xx_HAL_Driver/Inc -I../../../../../../../Drivers/BSP/STM32H747I-DISCO -I../../../../../../../Drivers/BSP/Components/Common -I../../../../../../../Utilities/lcd -I../../../../../../../Utilities/Fonts -I../../../../../../../Utilities/CPU -I../../../../../../../Middlewares/ST/STM32_Audio/Addons/PDM/Inc -I../../../../../../../Drivers/CMSIS/Include -O0 -ffunction-sections -fdata-sections -Wall -fstack-usage -fcyclomatic-complexity -MMD -MP -MF"Drivers/STM32H7xx_HAL_Driver/stm32h7xx_hal_dcmi.d" -MT"Drivers/STM32H7xx_HAL_Driver/stm32h7xx_hal_dcmi.o" --specs=nano.specs -mfpu=fpv5-d16 -mfloat-abi=hard -mthumb -o "Drivers/STM32H7xx_HAL_Driver/stm32h7xx_hal_dcmi.o"
arm-none-eabi-gcc "D:/stm original/carpeta con parche/STM32Cube_FW_H7_V1.11.0/Drivers/STM32H7xx_HAL_Driver/Src/stm32h7xx_hal_dfsdm.c" -mcpu=cortex-m7 -std=gnu11 -g3 -DDEBUG -DUSE_STM32H747I_DISCO -DUSE_HAL_DRIVER -DSTM32H747xx -DCORE_CM7 -DTS_MULTI_TOUCH_SUPPORTED -c -I../../../CM7/Inc -I../../../../../../../Drivers/CMSIS/Device/ST/STM32H7xx/Include -I../../../../../../../Drivers/STM32H7xx_HAL_Driver/Inc -I../../../../../../../Drivers/BSP/STM32H747I-DISCO -I../../../../../../../Drivers/BSP/Components/Common -I../../../../../../../Utilities/lcd -I../../../../../../../Utilities/Fonts -I../../../../../../../Utilities/CPU -I../../../../../../../Middlewares/ST/STM32_Audio/Addons/PDM/Inc -I../../../../../../../Drivers/CMSIS/Include -O0 -ffunction-sections -fdata-sections -Wall -fstack-usage -fcyclomatic-complexity -MMD -MP -MF"Drivers/STM32H7xx_HAL_Driver/stm32h7xx_hal_dfsdm.d" -MT"Drivers/STM32H7xx_HAL_Driver/stm32h7xx_hal_dfsdm.o" --specs=nano.specs -mfpu=fpv5-d16 -mfloat-abi=hard -mthumb -o "Drivers/STM32H7xx_HAL_Driver/stm32h7xx_hal_dfsdm.o"
arm-none-eabi-gcc "D:/stm original/carpeta con parche/STM32Cube_FW_H7_V1.11.0/Drivers/STM32H7xx_HAL_Driver/Src/stm32h7xx_hal_dma.c" -mcpu=cortex-m7 -std=gnu11 -g3 -DDEBUG -DUSE_STM32H747I_DISCO -DUSE_HAL_DRIVER -DSTM32H747xx -DCORE_CM7 -DTS_MULTI_TOUCH_SUPPORTED -c -I../../../CM7/Inc -I../../../../../../../Drivers/CMSIS/Device/ST/STM32H7xx/Include -I../../../../../../../Drivers/STM32H7xx_HAL_Driver/Inc -I../../../../../../../Drivers/BSP/STM32H747I-DISCO -I../../../../../../../Drivers/BSP/Components/Common -I../../../../../../../Utilities/lcd -I../../../../../../../Utilities/Fonts -I../../../../../../../Utilities/CPU -I../../../../../../../Middlewares/ST/STM32_Audio/Addons/PDM/Inc -I../../../../../../../Drivers/CMSIS/Include -O0 -ffunction-sections -fdata-sections -Wall -fstack-usage -fcyclomatic-complexity -MMD -MP -MF"Drivers/STM32H7xx_HAL_Driver/stm32h7xx_hal_dma.d" -MT"Drivers/STM32H7xx_HAL_Driver/stm32h7xx_hal_dma.o" --specs=nano.specs -mfpu=fpv5-d16 -mfloat-abi=hard -mthumb -o "Drivers/STM32H7xx_HAL_Driver/stm32h7xx_hal_dma.o"
arm-none-eabi-gcc "D:/stm original/carpeta con parche/STM32Cube_FW_H7_V1.11.0/Drivers/STM32H7xx_HAL_Driver/Src/stm32h7xx_hal_dma2d.c" -mcpu=cortex-m7 -std=gnu11 -g3 -DDEBUG -DUSE_STM32H747I_DISCO -DUSE_HAL_DRIVER -DSTM32H747xx -DCORE_CM7 -DTS_MULTI_TOUCH_SUPPORTED -c -I../../../CM7/Inc -I../../../../../../../Drivers/CMSIS/Device/ST/STM32H7xx/Include -I../../../../../../../Drivers/STM32H7xx_HAL_Driver/Inc -I../../../../../../../Drivers/BSP/STM32H747I-DISCO -I../../../../../../../Drivers/BSP/Components/Common -I../../../../../../../Utilities/lcd -I../../../../../../../Utilities/Fonts -I../../../../../../../Utilities/CPU -I../../../../../../../Middlewares/ST/STM32_Audio/Addons/PDM/Inc -I../../../../../../../Drivers/CMSIS/Include -O0 -ffunction-sections -fdata-sections -Wall -fstack-usage -fcyclomatic-complexity -MMD -MP -MF"Drivers/STM32H7xx_HAL_Driver/stm32h7xx_hal_dma2d.d" -MT"Drivers/STM32H7xx_HAL_Driver/stm32h7xx_hal_dma2d.o" --specs=nano.specs -mfpu=fpv5-d16 -mfloat-abi=hard -mthumb -o "Drivers/STM32H7xx_HAL_Driver/stm32h7xx_hal_dma2d.o"
arm-none-eabi-gcc "D:/stm original/carpeta con parche/STM32Cube_FW_H7_V1.11.0/Drivers/STM32H7xx_HAL_Driver/Src/stm32h7xx_hal_dma_ex.c" -mcpu=cortex-m7 -std=gnu11 -g3 -DDEBUG -DUSE_STM32H747I_DISCO -DUSE_HAL_DRIVER -DSTM32H747xx -DCORE_CM7 -DTS_MULTI_TOUCH_SUPPORTED -c -I../../../CM7/Inc -I../../../../../../../Drivers/CMSIS/Device/ST/STM32H7xx/Include -I../../../../../../../Drivers/STM32H7xx_HAL_Driver/Inc -I../../../../../../../Drivers/BSP/STM32H747I-DISCO -I../../../../../../../Drivers/BSP/Components/Common -I../../../../../../../Utilities/lcd -I../../../../../../../Utilities/Fonts -I../../../../../../../Utilities/CPU -I../../../../../../../Middlewares/ST/STM32_Audio/Addons/PDM/Inc -I../../../../../../../Drivers/CMSIS/Include -O0 -ffunction-sections -fdata-sections -Wall -fstack-usage -fcyclomatic-complexity -MMD -MP -MF"Drivers/STM32H7xx_HAL_Driver/stm32h7xx_hal_dma_ex.d" -MT"Drivers/STM32H7xx_HAL_Driver/stm32h7xx_hal_dma_ex.o" --specs=nano.specs -mfpu=fpv5-d16 -mfloat-abi=hard -mthumb -o "Drivers/STM32H7xx_HAL_Driver/stm32h7xx_hal_dma_ex.o"
arm-none-eabi-gcc "D:/stm original/carpeta con parche/STM32Cube_FW_H7_V1.11.0/Drivers/STM32H7xx_HAL_Driver/Src/stm32h7xx_hal_dsi.c" -mcpu=cortex-m7 -std=gnu11 -g3 -DDEBUG -DUSE_STM32H747I_DISCO -DUSE_HAL_DRIVER -DSTM32H747xx -DCORE_CM7 -DTS_MULTI_TOUCH_SUPPORTED -c -I../../../CM7/Inc -I../../../../../../../Drivers/CMSIS/Device/ST/STM32H7xx/Include -I../../../../../../../Drivers/STM32H7xx_HAL_Driver/Inc -I../../../../../../../Drivers/BSP/STM32H747I-DISCO -I../../../../../../../Drivers/BSP/Components/Common -I../../../../../../../Utilities/lcd -I../../../../../../../Utilities/Fonts -I../../../../../../../Utilities/CPU -I../../../../../../../Middlewares/ST/STM32_Audio/Addons/PDM/Inc -I../../../../../../../Drivers/CMSIS/Include -O0 -ffunction-sections -fdata-sections -Wall -fstack-usage -fcyclomatic-complexity -MMD -MP -MF"Drivers/STM32H7xx_HAL_Driver/stm32h7xx_hal_dsi.d" -MT"Drivers/STM32H7xx_HAL_Driver/stm32h7xx_hal_dsi.o" --specs=nano.specs -mfpu=fpv5-d16 -mfloat-abi=hard -mthumb -o "Drivers/STM32H7xx_HAL_Driver/stm32h7xx_hal_dsi.o"
arm-none-eabi-gcc "D:/stm original/carpeta con parche/STM32Cube_FW_H7_V1.11.0/Drivers/STM32H7xx_HAL_Driver/Src/stm32h7xx_hal_exti.c" -mcpu=cortex-m7 -std=gnu11 -g3 -DDEBUG -DUSE_STM32H747I_DISCO -DUSE_HAL_DRIVER -DSTM32H747xx -DCORE_CM7 -DTS_MULTI_TOUCH_SUPPORTED -c -I../../../CM7/Inc -I../../../../../../../Drivers/CMSIS/Device/ST/STM32H7xx/Include -I../../../../../../../Drivers/STM32H7xx_HAL_Driver/Inc -I../../../../../../../Drivers/BSP/STM32H747I-DISCO -I../../../../../../../Drivers/BSP/Components/Common -I../../../../../../../Utilities/lcd -I../../../../../../../Utilities/Fonts -I../../../../../../../Utilities/CPU -I../../../../../../../Middlewares/ST/STM32_Audio/Addons/PDM/Inc -I../../../../../../../Drivers/CMSIS/Include -O0 -ffunction-sections -fdata-sections -Wall -fstack-usage -fcyclomatic-complexity -MMD -MP -MF"Drivers/STM32H7xx_HAL_Driver/stm32h7xx_hal_exti.d" -MT"Drivers/STM32H7xx_HAL_Driver/stm32h7xx_hal_exti.o" --specs=nano.specs -mfpu=fpv5-d16 -mfloat-abi=hard -mthumb -o "Drivers/STM32H7xx_HAL_Driver/stm32h7xx_hal_exti.o"
arm-none-eabi-gcc "D:/stm original/carpeta con parche/STM32Cube_FW_H7_V1.11.0/Drivers/STM32H7xx_HAL_Driver/Src/stm32h7xx_hal_flash.c" -mcpu=cortex-m7 -std=gnu11 -g3 -DDEBUG -DUSE_STM32H747I_DISCO -DUSE_HAL_DRIVER -DSTM32H747xx -DCORE_CM7 -DTS_MULTI_TOUCH_SUPPORTED -c -I../../../CM7/Inc -I../../../../../../../Drivers/CMSIS/Device/ST/STM32H7xx/Include -I../../../../../../../Drivers/STM32H7xx_HAL_Driver/Inc -I../../../../../../../Drivers/BSP/STM32H747I-DISCO -I../../../../../../../Drivers/BSP/Components/Common -I../../../../../../../Utilities/lcd -I../../../../../../../Utilities/Fonts -I../../../../../../../Utilities/CPU -I../../../../../../../Middlewares/ST/STM32_Audio/Addons/PDM/Inc -I../../../../../../../Drivers/CMSIS/Include -O0 -ffunction-sections -fdata-sections -Wall -fstack-usage -fcyclomatic-complexity -MMD -MP -MF"Drivers/STM32H7xx_HAL_Driver/stm32h7xx_hal_flash.d" -MT"Drivers/STM32H7xx_HAL_Driver/stm32h7xx_hal_flash.o" --specs=nano.specs -mfpu=fpv5-d16 -mfloat-abi=hard -mthumb -o "Drivers/STM32H7xx_HAL_Driver/stm32h7xx_hal_flash.o"
arm-none-eabi-gcc "D:/stm original/carpeta con parche/STM32Cube_FW_H7_V1.11.0/Drivers/STM32H7xx_HAL_Driver/Src/stm32h7xx_hal_flash_ex.c" -mcpu=cortex-m7 -std=gnu11 -g3 -DDEBUG -DUSE_STM32H747I_DISCO -DUSE_HAL_DRIVER -DSTM32H747xx -DCORE_CM7 -DTS_MULTI_TOUCH_SUPPORTED -c -I../../../CM7/Inc -I../../../../../../../Drivers/CMSIS/Device/ST/STM32H7xx/Include -I../../../../../../../Drivers/STM32H7xx_HAL_Driver/Inc -I../../../../../../../Drivers/BSP/STM32H747I-DISCO -I../../../../../../../Drivers/BSP/Components/Common -I../../../../../../../Utilities/lcd -I../../../../../../../Utilities/Fonts -I../../../../../../../Utilities/CPU -I../../../../../../../Middlewares/ST/STM32_Audio/Addons/PDM/Inc -I../../../../../../../Drivers/CMSIS/Include -O0 -ffunction-sections -fdata-sections -Wall -fstack-usage -fcyclomatic-complexity -MMD -MP -MF"Drivers/STM32H7xx_HAL_Driver/stm32h7xx_hal_flash_ex.d" -MT"Drivers/STM32H7xx_HAL_Driver/stm32h7xx_hal_flash_ex.o" --specs=nano.specs -mfpu=fpv5-d16 -mfloat-abi=hard -mthumb -o "Drivers/STM32H7xx_HAL_Driver/stm32h7xx_hal_flash_ex.o"
arm-none-eabi-gcc "D:/stm original/carpeta con parche/STM32Cube_FW_H7_V1.11.0/Drivers/STM32H7xx_HAL_Driver/Src/stm32h7xx_hal_gpio.c" -mcpu=cortex-m7 -std=gnu11 -g3 -DDEBUG -DUSE_STM32H747I_DISCO -DUSE_HAL_DRIVER -DSTM32H747xx -DCORE_CM7 -DTS_MULTI_TOUCH_SUPPORTED -c -I../../../CM7/Inc -I../../../../../../../Drivers/CMSIS/Device/ST/STM32H7xx/Include -I../../../../../../../Drivers/STM32H7xx_HAL_Driver/Inc -I../../../../../../../Drivers/BSP/STM32H747I-DISCO -I../../../../../../../Drivers/BSP/Components/Common -I../../../../../../../Utilities/lcd -I../../../../../../../Utilities/Fonts -I../../../../../../../Utilities/CPU -I../../../../../../../Middlewares/ST/STM32_Audio/Addons/PDM/Inc -I../../../../../../../Drivers/CMSIS/Include -O0 -ffunction-sections -fdata-sections -Wall -fstack-usage -fcyclomatic-complexity -MMD -MP -MF"Drivers/STM32H7xx_HAL_Driver/stm32h7xx_hal_gpio.d" -MT"Drivers/STM32H7xx_HAL_Driver/stm32h7xx_hal_gpio.o" --specs=nano.specs -mfpu=fpv5-d16 -mfloat-abi=hard -mthumb -o "Drivers/STM32H7xx_HAL_Driver/stm32h7xx_hal_gpio.o"
arm-none-eabi-gcc "D:/stm original/carpeta con parche/STM32Cube_FW_H7_V1.11.0/Drivers/STM32H7xx_HAL_Driver/Src/stm32h7xx_hal_hsem.c" -mcpu=cortex-m7 -std=gnu11 -g3 -DDEBUG -DUSE_STM32H747I_DISCO -DUSE_HAL_DRIVER -DSTM32H747xx -DCORE_CM7 -DTS_MULTI_TOUCH_SUPPORTED -c -I../../../CM7/Inc -I../../../../../../../Drivers/CMSIS/Device/ST/STM32H7xx/Include -I../../../../../../../Drivers/STM32H7xx_HAL_Driver/Inc -I../../../../../../../Drivers/BSP/STM32H747I-DISCO -I../../../../../../../Drivers/BSP/Components/Common -I../../../../../../../Utilities/lcd -I../../../../../../../Utilities/Fonts -I../../../../../../../Utilities/CPU -I../../../../../../../Middlewares/ST/STM32_Audio/Addons/PDM/Inc -I../../../../../../../Drivers/CMSIS/Include -O0 -ffunction-sections -fdata-sections -Wall -fstack-usage -fcyclomatic-complexity -MMD -MP -MF"Drivers/STM32H7xx_HAL_Driver/stm32h7xx_hal_hsem.d" -MT"Drivers/STM32H7xx_HAL_Driver/stm32h7xx_hal_hsem.o" --specs=nano.specs -mfpu=fpv5-d16 -mfloat-abi=hard -mthumb -o "Drivers/STM32H7xx_HAL_Driver/stm32h7xx_hal_hsem.o"
arm-none-eabi-gcc "D:/stm original/carpeta con parche/STM32Cube_FW_H7_V1.11.0/Drivers/STM32H7xx_HAL_Driver/Src/stm32h7xx_hal_i2c.c" -mcpu=cortex-m7 -std=gnu11 -g3 -DDEBUG -DUSE_STM32H747I_DISCO -DUSE_HAL_DRIVER -DSTM32H747xx -DCORE_CM7 -DTS_MULTI_TOUCH_SUPPORTED -c -I../../../CM7/Inc -I../../../../../../../Drivers/CMSIS/Device/ST/STM32H7xx/Include -I../../../../../../../Drivers/STM32H7xx_HAL_Driver/Inc -I../../../../../../../Drivers/BSP/STM32H747I-DISCO -I../../../../../../../Drivers/BSP/Components/Common -I../../../../../../../Utilities/lcd -I../../../../../../../Utilities/Fonts -I../../../../../../../Utilities/CPU -I../../../../../../../Middlewares/ST/STM32_Audio/Addons/PDM/Inc -I../../../../../../../Drivers/CMSIS/Include -O0 -ffunction-sections -fdata-sections -Wall -fstack-usage -fcyclomatic-complexity -MMD -MP -MF"Drivers/STM32H7xx_HAL_Driver/stm32h7xx_hal_i2c.d" -MT"Drivers/STM32H7xx_HAL_Driver/stm32h7xx_hal_i2c.o" --specs=nano.specs -mfpu=fpv5-d16 -mfloat-abi=hard -mthumb -o "Drivers/STM32H7xx_HAL_Driver/stm32h7xx_hal_i2c.o"
arm-none-eabi-gcc "D:/stm original/carpeta con parche/STM32Cube_FW_H7_V1.11.0/Drivers/STM32H7xx_HAL_Driver/Src/stm32h7xx_hal_i2c_ex.c" -mcpu=cortex-m7 -std=gnu11 -g3 -DDEBUG -DUSE_STM32H747I_DISCO -DUSE_HAL_DRIVER -DSTM32H747xx -DCORE_CM7 -DTS_MULTI_TOUCH_SUPPORTED -c -I../../../CM7/Inc -I../../../../../../../Drivers/CMSIS/Device/ST/STM32H7xx/Include -I../../../../../../../Drivers/STM32H7xx_HAL_Driver/Inc -I../../../../../../../Drivers/BSP/STM32H747I-DISCO -I../../../../../../../Drivers/BSP/Components/Common -I../../../../../../../Utilities/lcd -I../../../../../../../Utilities/Fonts -I../../../../../../../Utilities/CPU -I../../../../../../../Middlewares/ST/STM32_Audio/Addons/PDM/Inc -I../../../../../../../Drivers/CMSIS/Include -O0 -ffunction-sections -fdata-sections -Wall -fstack-usage -fcyclomatic-complexity -MMD -MP -MF"Drivers/STM32H7xx_HAL_Driver/stm32h7xx_hal_i2c_ex.d" -MT"Drivers/STM32H7xx_HAL_Driver/stm32h7xx_hal_i2c_ex.o" --specs=nano.specs -mfpu=fpv5-d16 -mfloat-abi=hard -mthumb -o "Drivers/STM32H7xx_HAL_Driver/stm32h7xx_hal_i2c_ex.o"
arm-none-eabi-gcc "D:/stm original/carpeta con parche/STM32Cube_FW_H7_V1.11.0/Drivers/STM32H7xx_HAL_Driver/Src/stm32h7xx_hal_ltdc.c" -mcpu=cortex-m7 -std=gnu11 -g3 -DDEBUG -DUSE_STM32H747I_DISCO -DUSE_HAL_DRIVER -DSTM32H747xx -DCORE_CM7 -DTS_MULTI_TOUCH_SUPPORTED -c -I../../../CM7/Inc -I../../../../../../../Drivers/CMSIS/Device/ST/STM32H7xx/Include -I../../../../../../../Drivers/STM32H7xx_HAL_Driver/Inc -I../../../../../../../Drivers/BSP/STM32H747I-DISCO -I../../../../../../../Drivers/BSP/Components/Common -I../../../../../../../Utilities/lcd -I../../../../../../../Utilities/Fonts -I../../../../../../../Utilities/CPU -I../../../../../../../Middlewares/ST/STM32_Audio/Addons/PDM/Inc -I../../../../../../../Drivers/CMSIS/Include -O0 -ffunction-sections -fdata-sections -Wall -fstack-usage -fcyclomatic-complexity -MMD -MP -MF"Drivers/STM32H7xx_HAL_Driver/stm32h7xx_hal_ltdc.d" -MT"Drivers/STM32H7xx_HAL_Driver/stm32h7xx_hal_ltdc.o" --specs=nano.specs -mfpu=fpv5-d16 -mfloat-abi=hard -mthumb -o "Drivers/STM32H7xx_HAL_Driver/stm32h7xx_hal_ltdc.o"
arm-none-eabi-gcc "D:/stm original/carpeta con parche/STM32Cube_FW_H7_V1.11.0/Drivers/STM32H7xx_HAL_Driver/Src/stm32h7xx_hal_ltdc_ex.c" -mcpu=cortex-m7 -std=gnu11 -g3 -DDEBUG -DUSE_STM32H747I_DISCO -DUSE_HAL_DRIVER -DSTM32H747xx -DCORE_CM7 -DTS_MULTI_TOUCH_SUPPORTED -c -I../../../CM7/Inc -I../../../../../../../Drivers/CMSIS/Device/ST/STM32H7xx/Include -I../../../../../../../Drivers/STM32H7xx_HAL_Driver/Inc -I../../../../../../../Drivers/BSP/STM32H747I-DISCO -I../../../../../../../Drivers/BSP/Components/Common -I../../../../../../../Utilities/lcd -I../../../../../../../Utilities/Fonts -I../../../../../../../Utilities/CPU -I../../../../../../../Middlewares/ST/STM32_Audio/Addons/PDM/Inc -I../../../../../../../Drivers/CMSIS/Include -O0 -ffunction-sections -fdata-sections -Wall -fstack-usage -fcyclomatic-complexity -MMD -MP -MF"Drivers/STM32H7xx_HAL_Driver/stm32h7xx_hal_ltdc_ex.d" -MT"Drivers/STM32H7xx_HAL_Driver/stm32h7xx_hal_ltdc_ex.o" --specs=nano.specs -mfpu=fpv5-d16 -mfloat-abi=hard -mthumb -o "Drivers/STM32H7xx_HAL_Driver/stm32h7xx_hal_ltdc_ex.o"
arm-none-eabi-gcc "D:/stm original/carpeta con parche/STM32Cube_FW_H7_V1.11.0/Drivers/STM32H7xx_HAL_Driver/Src/stm32h7xx_hal_mdma.c" -mcpu=cortex-m7 -std=gnu11 -g3 -DDEBUG -DUSE_STM32H747I_DISCO -DUSE_HAL_DRIVER -DSTM32H747xx -DCORE_CM7 -DTS_MULTI_TOUCH_SUPPORTED -c -I../../../CM7/Inc -I../../../../../../../Drivers/CMSIS/Device/ST/STM32H7xx/Include -I../../../../../../../Drivers/STM32H7xx_HAL_Driver/Inc -I../../../../../../../Drivers/BSP/STM32H747I-DISCO -I../../../../../../../Drivers/BSP/Components/Common -I../../../../../../../Utilities/lcd -I../../../../../../../Utilities/Fonts -I../../../../../../../Utilities/CPU -I../../../../../../../Middlewares/ST/STM32_Audio/Addons/PDM/Inc -I../../../../../../../Drivers/CMSIS/Include -O0 -ffunction-sections -fdata-sections -Wall -fstack-usage -fcyclomatic-complexity -MMD -MP -MF"Drivers/STM32H7xx_HAL_Driver/stm32h7xx_hal_mdma.d" -MT"Drivers/STM32H7xx_HAL_Driver/stm32h7xx_hal_mdma.o" --specs=nano.specs -mfpu=fpv5-d16 -mfloat-abi=hard -mthumb -o "Drivers/STM32H7xx_HAL_Driver/stm32h7xx_hal_mdma.o"
arm-none-eabi-gcc "D:/stm original/carpeta con parche/STM32Cube_FW_H7_V1.11.0/Drivers/STM32H7xx_HAL_Driver/Src/stm32h7xx_hal_nor.c" -mcpu=cortex-m7 -std=gnu11 -g3 -DDEBUG -DUSE_STM32H747I_DISCO -DUSE_HAL_DRIVER -DSTM32H747xx -DCORE_CM7 -DTS_MULTI_TOUCH_SUPPORTED -c -I../../../CM7/Inc -I../../../../../../../Drivers/CMSIS/Device/ST/STM32H7xx/Include -I../../../../../../../Drivers/STM32H7xx_HAL_Driver/Inc -I../../../../../../../Drivers/BSP/STM32H747I-DISCO -I../../../../../../../Drivers/BSP/Components/Common -I../../../../../../../Utilities/lcd -I../../../../../../../Utilities/Fonts -I../../../../../../../Utilities/CPU -I../../../../../../../Middlewares/ST/STM32_Audio/Addons/PDM/Inc -I../../../../../../../Drivers/CMSIS/Include -O0 -ffunction-sections -fdata-sections -Wall -fstack-usage -fcyclomatic-complexity -MMD -MP -MF"Drivers/STM32H7xx_HAL_Driver/stm32h7xx_hal_nor.d" -MT"Drivers/STM32H7xx_HAL_Driver/stm32h7xx_hal_nor.o" --specs=nano.specs -mfpu=fpv5-d16 -mfloat-abi=hard -mthumb -o "Drivers/STM32H7xx_HAL_Driver/stm32h7xx_hal_nor.o"
arm-none-eabi-gcc "D:/stm original/carpeta con parche/STM32Cube_FW_H7_V1.11.0/Drivers/STM32H7xx_HAL_Driver/Src/stm32h7xx_hal_pwr.c" -mcpu=cortex-m7 -std=gnu11 -g3 -DDEBUG -DUSE_STM32H747I_DISCO -DUSE_HAL_DRIVER -DSTM32H747xx -DCORE_CM7 -DTS_MULTI_TOUCH_SUPPORTED -c -I../../../CM7/Inc -I../../../../../../../Drivers/CMSIS/Device/ST/STM32H7xx/Include -I../../../../../../../Drivers/STM32H7xx_HAL_Driver/Inc -I../../../../../../../Drivers/BSP/STM32H747I-DISCO -I../../../../../../../Drivers/BSP/Components/Common -I../../../../../../../Utilities/lcd -I../../../../../../../Utilities/Fonts -I../../../../../../../Utilities/CPU -I../../../../../../../Middlewares/ST/STM32_Audio/Addons/PDM/Inc -I../../../../../../../Drivers/CMSIS/Include -O0 -ffunction-sections -fdata-sections -Wall -fstack-usage -fcyclomatic-complexity -MMD -MP -MF"Drivers/STM32H7xx_HAL_Driver/stm32h7xx_hal_pwr.d" -MT"Drivers/STM32H7xx_HAL_Driver/stm32h7xx_hal_pwr.o" --specs=nano.specs -mfpu=fpv5-d16 -mfloat-abi=hard -mthumb -o "Drivers/STM32H7xx_HAL_Driver/stm32h7xx_hal_pwr.o"
arm-none-eabi-gcc "D:/stm original/carpeta con parche/STM32Cube_FW_H7_V1.11.0/Drivers/STM32H7xx_HAL_Driver/Src/stm32h7xx_hal_pwr_ex.c" -mcpu=cortex-m7 -std=gnu11 -g3 -DDEBUG -DUSE_STM32H747I_DISCO -DUSE_HAL_DRIVER -DSTM32H747xx -DCORE_CM7 -DTS_MULTI_TOUCH_SUPPORTED -c -I../../../CM7/Inc -I../../../../../../../Drivers/CMSIS/Device/ST/STM32H7xx/Include -I../../../../../../../Drivers/STM32H7xx_HAL_Driver/Inc -I../../../../../../../Drivers/BSP/STM32H747I-DISCO -I../../../../../../../Drivers/BSP/Components/Common -I../../../../../../../Utilities/lcd -I../../../../../../../Utilities/Fonts -I../../../../../../../Utilities/CPU -I../../../../../../../Middlewares/ST/STM32_Audio/Addons/PDM/Inc -I../../../../../../../Drivers/CMSIS/Include -O0 -ffunction-sections -fdata-sections -Wall -fstack-usage -fcyclomatic-complexity -MMD -MP -MF"Drivers/STM32H7xx_HAL_Driver/stm32h7xx_hal_pwr_ex.d" -MT"Drivers/STM32H7xx_HAL_Driver/stm32h7xx_hal_pwr_ex.o" --specs=nano.specs -mfpu=fpv5-d16 -mfloat-abi=hard -mthumb -o "Drivers/STM32H7xx_HAL_Driver/stm32h7xx_hal_pwr_ex.o"
arm-none-eabi-gcc "D:/stm original/carpeta con parche/STM32Cube_FW_H7_V1.11.0/Drivers/STM32H7xx_HAL_Driver/Src/stm32h7xx_hal_qspi.c" -mcpu=cortex-m7 -std=gnu11 -g3 -DDEBUG -DUSE_STM32H747I_DISCO -DUSE_HAL_DRIVER -DSTM32H747xx -DCORE_CM7 -DTS_MULTI_TOUCH_SUPPORTED -c -I../../../CM7/Inc -I../../../../../../../Drivers/CMSIS/Device/ST/STM32H7xx/Include -I../../../../../../../Drivers/STM32H7xx_HAL_Driver/Inc -I../../../../../../../Drivers/BSP/STM32H747I-DISCO -I../../../../../../../Drivers/BSP/Components/Common -I../../../../../../../Utilities/lcd -I../../../../../../../Utilities/Fonts -I../../../../../../../Utilities/CPU -I../../../../../../../Middlewares/ST/STM32_Audio/Addons/PDM/Inc -I../../../../../../../Drivers/CMSIS/Include -O0 -ffunction-sections -fdata-sections -Wall -fstack-usage -fcyclomatic-complexity -MMD -MP -MF"Drivers/STM32H7xx_HAL_Driver/stm32h7xx_hal_qspi.d" -MT"Drivers/STM32H7xx_HAL_Driver/stm32h7xx_hal_qspi.o" --specs=nano.specs -mfpu=fpv5-d16 -mfloat-abi=hard -mthumb -o "Drivers/STM32H7xx_HAL_Driver/stm32h7xx_hal_qspi.o"
arm-none-eabi-gcc "D:/stm original/carpeta con parche/STM32Cube_FW_H7_V1.11.0/Drivers/STM32H7xx_HAL_Driver/Src/stm32h7xx_hal_rcc.c" -mcpu=cortex-m7 -std=gnu11 -g3 -DDEBUG -DUSE_STM32H747I_DISCO -DUSE_HAL_DRIVER -DSTM32H747xx -DCORE_CM7 -DTS_MULTI_TOUCH_SUPPORTED -c -I../../../CM7/Inc -I../../../../../../../Drivers/CMSIS/Device/ST/STM32H7xx/Include -I../../../../../../../Drivers/STM32H7xx_HAL_Driver/Inc -I../../../../../../../Drivers/BSP/STM32H747I-DISCO -I../../../../../../../Drivers/BSP/Components/Common -I../../../../../../../Utilities/lcd -I../../../../../../../Utilities/Fonts -I../../../../../../../Utilities/CPU -I../../../../../../../Middlewares/ST/STM32_Audio/Addons/PDM/Inc -I../../../../../../../Drivers/CMSIS/Include -O0 -ffunction-sections -fdata-sections -Wall -fstack-usage -fcyclomatic-complexity -MMD -MP -MF"Drivers/STM32H7xx_HAL_Driver/stm32h7xx_hal_rcc.d" -MT"Drivers/STM32H7xx_HAL_Driver/stm32h7xx_hal_rcc.o" --specs=nano.specs -mfpu=fpv5-d16 -mfloat-abi=hard -mthumb -o "Drivers/STM32H7xx_HAL_Driver/stm32h7xx_hal_rcc.o"
arm-none-eabi-gcc "D:/stm original/carpeta con parche/STM32Cube_FW_H7_V1.11.0/Drivers/STM32H7xx_HAL_Driver/Src/stm32h7xx_hal_rcc_ex.c" -mcpu=cortex-m7 -std=gnu11 -g3 -DDEBUG -DUSE_STM32H747I_DISCO -DUSE_HAL_DRIVER -DSTM32H747xx -DCORE_CM7 -DTS_MULTI_TOUCH_SUPPORTED -c -I../../../CM7/Inc -I../../../../../../../Drivers/CMSIS/Device/ST/STM32H7xx/Include -I../../../../../../../Drivers/STM32H7xx_HAL_Driver/Inc -I../../../../../../../Drivers/BSP/STM32H747I-DISCO -I../../../../../../../Drivers/BSP/Components/Common -I../../../../../../../Utilities/lcd -I../../../../../../../Utilities/Fonts -I../../../../../../../Utilities/CPU -I../../../../../../../Middlewares/ST/STM32_Audio/Addons/PDM/Inc -I../../../../../../../Drivers/CMSIS/Include -O0 -ffunction-sections -fdata-sections -Wall -fstack-usage -fcyclomatic-complexity -MMD -MP -MF"Drivers/STM32H7xx_HAL_Driver/stm32h7xx_hal_rcc_ex.d" -MT"Drivers/STM32H7xx_HAL_Driver/stm32h7xx_hal_rcc_ex.o" --specs=nano.specs -mfpu=fpv5-d16 -mfloat-abi=hard -mthumb -o "Drivers/STM32H7xx_HAL_Driver/stm32h7xx_hal_rcc_ex.o"
arm-none-eabi-gcc "D:/stm original/carpeta con parche/STM32Cube_FW_H7_V1.11.0/Drivers/STM32H7xx_HAL_Driver/Src/stm32h7xx_hal_sai.c" -mcpu=cortex-m7 -std=gnu11 -g3 -DDEBUG -DUSE_STM32H747I_DISCO -DUSE_HAL_DRIVER -DSTM32H747xx -DCORE_CM7 -DTS_MULTI_TOUCH_SUPPORTED -c -I../../../CM7/Inc -I../../../../../../../Drivers/CMSIS/Device/ST/STM32H7xx/Include -I../../../../../../../Drivers/STM32H7xx_HAL_Driver/Inc -I../../../../../../../Drivers/BSP/STM32H747I-DISCO -I../../../../../../../Drivers/BSP/Components/Common -I../../../../../../../Utilities/lcd -I../../../../../../../Utilities/Fonts -I../../../../../../../Utilities/CPU -I../../../../../../../Middlewares/ST/STM32_Audio/Addons/PDM/Inc -I../../../../../../../Drivers/CMSIS/Include -O0 -ffunction-sections -fdata-sections -Wall -fstack-usage -fcyclomatic-complexity -MMD -MP -MF"Drivers/STM32H7xx_HAL_Driver/stm32h7xx_hal_sai.d" -MT"Drivers/STM32H7xx_HAL_Driver/stm32h7xx_hal_sai.o" --specs=nano.specs -mfpu=fpv5-d16 -mfloat-abi=hard -mthumb -o "Drivers/STM32H7xx_HAL_Driver/stm32h7xx_hal_sai.o"
arm-none-eabi-gcc "D:/stm original/carpeta con parche/STM32Cube_FW_H7_V1.11.0/Drivers/STM32H7xx_HAL_Driver/Src/stm32h7xx_hal_sai_ex.c" -mcpu=cortex-m7 -std=gnu11 -g3 -DDEBUG -DUSE_STM32H747I_DISCO -DUSE_HAL_DRIVER -DSTM32H747xx -DCORE_CM7 -DTS_MULTI_TOUCH_SUPPORTED -c -I../../../CM7/Inc -I../../../../../../../Drivers/CMSIS/Device/ST/STM32H7xx/Include -I../../../../../../../Drivers/STM32H7xx_HAL_Driver/Inc -I../../../../../../../Drivers/BSP/STM32H747I-DISCO -I../../../../../../../Drivers/BSP/Components/Common -I../../../../../../../Utilities/lcd -I../../../../../../../Utilities/Fonts -I../../../../../../../Utilities/CPU -I../../../../../../../Middlewares/ST/STM32_Audio/Addons/PDM/Inc -I../../../../../../../Drivers/CMSIS/Include -O0 -ffunction-sections -fdata-sections -Wall -fstack-usage -fcyclomatic-complexity -MMD -MP -MF"Drivers/STM32H7xx_HAL_Driver/stm32h7xx_hal_sai_ex.d" -MT"Drivers/STM32H7xx_HAL_Driver/stm32h7xx_hal_sai_ex.o" --specs=nano.specs -mfpu=fpv5-d16 -mfloat-abi=hard -mthumb -o "Drivers/STM32H7xx_HAL_Driver/stm32h7xx_hal_sai_ex.o"
arm-none-eabi-gcc "D:/stm original/carpeta con parche/STM32Cube_FW_H7_V1.11.0/Drivers/STM32H7xx_HAL_Driver/Src/stm32h7xx_hal_sd.c" -mcpu=cortex-m7 -std=gnu11 -g3 -DDEBUG -DUSE_STM32H747I_DISCO -DUSE_HAL_DRIVER -DSTM32H747xx -DCORE_CM7 -DTS_MULTI_TOUCH_SUPPORTED -c -I../../../CM7/Inc -I../../../../../../../Drivers/CMSIS/Device/ST/STM32H7xx/Include -I../../../../../../../Drivers/STM32H7xx_HAL_Driver/Inc -I../../../../../../../Drivers/BSP/STM32H747I-DISCO -I../../../../../../../Drivers/BSP/Components/Common -I../../../../../../../Utilities/lcd -I../../../../../../../Utilities/Fonts -I../../../../../../../Utilities/CPU -I../../../../../../../Middlewares/ST/STM32_Audio/Addons/PDM/Inc -I../../../../../../../Drivers/CMSIS/Include -O0 -ffunction-sections -fdata-sections -Wall -fstack-usage -fcyclomatic-complexity -MMD -MP -MF"Drivers/STM32H7xx_HAL_Driver/stm32h7xx_hal_sd.d" -MT"Drivers/STM32H7xx_HAL_Driver/stm32h7xx_hal_sd.o" --specs=nano.specs -mfpu=fpv5-d16 -mfloat-abi=hard -mthumb -o "Drivers/STM32H7xx_HAL_Driver/stm32h7xx_hal_sd.o"
arm-none-eabi-gcc "D:/stm original/carpeta con parche/STM32Cube_FW_H7_V1.11.0/Drivers/STM32H7xx_HAL_Driver/Src/stm32h7xx_hal_sd_ex.c" -mcpu=cortex-m7 -std=gnu11 -g3 -DDEBUG -DUSE_STM32H747I_DISCO -DUSE_HAL_DRIVER -DSTM32H747xx -DCORE_CM7 -DTS_MULTI_TOUCH_SUPPORTED -c -I../../../CM7/Inc -I../../../../../../../Drivers/CMSIS/Device/ST/STM32H7xx/Include -I../../../../../../../Drivers/STM32H7xx_HAL_Driver/Inc -I../../../../../../../Drivers/BSP/STM32H747I-DISCO -I../../../../../../../Drivers/BSP/Components/Common -I../../../../../../../Utilities/lcd -I../../../../../../../Utilities/Fonts -I../../../../../../../Utilities/CPU -I../../../../../../../Middlewares/ST/STM32_Audio/Addons/PDM/Inc -I../../../../../../../Drivers/CMSIS/Include -O0 -ffunction-sections -fdata-sections -Wall -fstack-usage -fcyclomatic-complexity -MMD -MP -MF"Drivers/STM32H7xx_HAL_Driver/stm32h7xx_hal_sd_ex.d" -MT"Drivers/STM32H7xx_HAL_Driver/stm32h7xx_hal_sd_ex.o" --specs=nano.specs -mfpu=fpv5-d16 -mfloat-abi=hard -mthumb -o "Drivers/STM32H7xx_HAL_Driver/stm32h7xx_hal_sd_ex.o"
arm-none-eabi-gcc "D:/stm original/carpeta con parche/STM32Cube_FW_H7_V1.11.0/Drivers/STM32H7xx_HAL_Driver/Src/stm32h7xx_hal_sdram.c" -mcpu=cortex-m7 -std=gnu11 -g3 -DDEBUG -DUSE_STM32H747I_DISCO -DUSE_HAL_DRIVER -DSTM32H747xx -DCORE_CM7 -DTS_MULTI_TOUCH_SUPPORTED -c -I../../../CM7/Inc -I../../../../../../../Drivers/CMSIS/Device/ST/STM32H7xx/Include -I../../../../../../../Drivers/STM32H7xx_HAL_Driver/Inc -I../../../../../../../Drivers/BSP/STM32H747I-DISCO -I../../../../../../../Drivers/BSP/Components/Common -I../../../../../../../Utilities/lcd -I../../../../../../../Utilities/Fonts -I../../../../../../../Utilities/CPU -I../../../../../../../Middlewares/ST/STM32_Audio/Addons/PDM/Inc -I../../../../../../../Drivers/CMSIS/Include -O0 -ffunction-sections -fdata-sections -Wall -fstack-usage -fcyclomatic-complexity -MMD -MP -MF"Drivers/STM32H7xx_HAL_Driver/stm32h7xx_hal_sdram.d" -MT"Drivers/STM32H7xx_HAL_Driver/stm32h7xx_hal_sdram.o" --specs=nano.specs -mfpu=fpv5-d16 -mfloat-abi=hard -mthumb -o "Drivers/STM32H7xx_HAL_Driver/stm32h7xx_hal_sdram.o"
arm-none-eabi-gcc "D:/stm original/carpeta con parche/STM32Cube_FW_H7_V1.11.0/Drivers/STM32H7xx_HAL_Driver/Src/stm32h7xx_hal_tim.c" -mcpu=cortex-m7 -std=gnu11 -g3 -DDEBUG -DUSE_STM32H747I_DISCO -DUSE_HAL_DRIVER -DSTM32H747xx -DCORE_CM7 -DTS_MULTI_TOUCH_SUPPORTED -c -I../../../CM7/Inc -I../../../../../../../Drivers/CMSIS/Device/ST/STM32H7xx/Include -I../../../../../../../Drivers/STM32H7xx_HAL_Driver/Inc -I../../../../../../../Drivers/BSP/STM32H747I-DISCO -I../../../../../../../Drivers/BSP/Components/Common -I../../../../../../../Utilities/lcd -I../../../../../../../Utilities/Fonts -I../../../../../../../Utilities/CPU -I../../../../../../../Middlewares/ST/STM32_Audio/Addons/PDM/Inc -I../../../../../../../Drivers/CMSIS/Include -O0 -ffunction-sections -fdata-sections -Wall -fstack-usage -fcyclomatic-complexity -MMD -MP -MF"Drivers/STM32H7xx_HAL_Driver/stm32h7xx_hal_tim.d" -MT"Drivers/STM32H7xx_HAL_Driver/stm32h7xx_hal_tim.o" --specs=nano.specs -mfpu=fpv5-d16 -mfloat-abi=hard -mthumb -o "Drivers/STM32H7xx_HAL_Driver/stm32h7xx_hal_tim.o"
arm-none-eabi-gcc "D:/stm original/carpeta con parche/STM32Cube_FW_H7_V1.11.0/Drivers/STM32H7xx_HAL_Driver/Src/stm32h7xx_hal_tim_ex.c" -mcpu=cortex-m7 -std=gnu11 -g3 -DDEBUG -DUSE_STM32H747I_DISCO -DUSE_HAL_DRIVER -DSTM32H747xx -DCORE_CM7 -DTS_MULTI_TOUCH_SUPPORTED -c -I../../../CM7/Inc -I../../../../../../../Drivers/CMSIS/Device/ST/STM32H7xx/Include -I../../../../../../../Drivers/STM32H7xx_HAL_Driver/Inc -I../../../../../../../Drivers/BSP/STM32H747I-DISCO -I../../../../../../../Drivers/BSP/Components/Common -I../../../../../../../Utilities/lcd -I../../../../../../../Utilities/Fonts -I../../../../../../../Utilities/CPU -I../../../../../../../Middlewares/ST/STM32_Audio/Addons/PDM/Inc -I../../../../../../../Drivers/CMSIS/Include -O0 -ffunction-sections -fdata-sections -Wall -fstack-usage -fcyclomatic-complexity -MMD -MP -MF"Drivers/STM32H7xx_HAL_Driver/stm32h7xx_hal_tim_ex.d" -MT"Drivers/STM32H7xx_HAL_Driver/stm32h7xx_hal_tim_ex.o" --specs=nano.specs -mfpu=fpv5-d16 -mfloat-abi=hard -mthumb -o "Drivers/STM32H7xx_HAL_Driver/stm32h7xx_hal_tim_ex.o"
arm-none-eabi-gcc "D:/stm original/carpeta con parche/STM32Cube_FW_H7_V1.11.0/Drivers/STM32H7xx_HAL_Driver/Src/stm32h7xx_hal_uart.c" -mcpu=cortex-m7 -std=gnu11 -g3 -DDEBUG -DUSE_STM32H747I_DISCO -DUSE_HAL_DRIVER -DSTM32H747xx -DCORE_CM7 -DTS_MULTI_TOUCH_SUPPORTED -c -I../../../CM7/Inc -I../../../../../../../Drivers/CMSIS/Device/ST/STM32H7xx/Include -I../../../../../../../Drivers/STM32H7xx_HAL_Driver/Inc -I../../../../../../../Drivers/BSP/STM32H747I-DISCO -I../../../../../../../Drivers/BSP/Components/Common -I../../../../../../../Utilities/lcd -I../../../../../../../Utilities/Fonts -I../../../../../../../Utilities/CPU -I../../../../../../../Middlewares/ST/STM32_Audio/Addons/PDM/Inc -I../../../../../../../Drivers/CMSIS/Include -O0 -ffunction-sections -fdata-sections -Wall -fstack-usage -fcyclomatic-complexity -MMD -MP -MF"Drivers/STM32H7xx_HAL_Driver/stm32h7xx_hal_uart.d" -MT"Drivers/STM32H7xx_HAL_Driver/stm32h7xx_hal_uart.o" --specs=nano.specs -mfpu=fpv5-d16 -mfloat-abi=hard -mthumb -o "Drivers/STM32H7xx_HAL_Driver/stm32h7xx_hal_uart.o"
arm-none-eabi-gcc "D:/stm original/carpeta con parche/STM32Cube_FW_H7_V1.11.0/Drivers/STM32H7xx_HAL_Driver/Src/stm32h7xx_hal_uart_ex.c" -mcpu=cortex-m7 -std=gnu11 -g3 -DDEBUG -DUSE_STM32H747I_DISCO -DUSE_HAL_DRIVER -DSTM32H747xx -DCORE_CM7 -DTS_MULTI_TOUCH_SUPPORTED -c -I../../../CM7/Inc -I../../../../../../../Drivers/CMSIS/Device/ST/STM32H7xx/Include -I../../../../../../../Drivers/STM32H7xx_HAL_Driver/Inc -I../../../../../../../Drivers/BSP/STM32H747I-DISCO -I../../../../../../../Drivers/BSP/Components/Common -I../../../../../../../Utilities/lcd -I../../../../../../../Utilities/Fonts -I../../../../../../../Utilities/CPU -I../../../../../../../Middlewares/ST/STM32_Audio/Addons/PDM/Inc -I../../../../../../../Drivers/CMSIS/Include -O0 -ffunction-sections -fdata-sections -Wall -fstack-usage -fcyclomatic-complexity -MMD -MP -MF"Drivers/STM32H7xx_HAL_Driver/stm32h7xx_hal_uart_ex.d" -MT"Drivers/STM32H7xx_HAL_Driver/stm32h7xx_hal_uart_ex.o" --specs=nano.specs -mfpu=fpv5-d16 -mfloat-abi=hard -mthumb -o "Drivers/STM32H7xx_HAL_Driver/stm32h7xx_hal_uart_ex.o"
arm-none-eabi-gcc "D:/stm original/carpeta con parche/STM32Cube_FW_H7_V1.11.0/Drivers/STM32H7xx_HAL_Driver/Src/stm32h7xx_ll_fmc.c" -mcpu=cortex-m7 -std=gnu11 -g3 -DDEBUG -DUSE_STM32H747I_DISCO -DUSE_HAL_DRIVER -DSTM32H747xx -DCORE_CM7 -DTS_MULTI_TOUCH_SUPPORTED -c -I../../../CM7/Inc -I../../../../../../../Drivers/CMSIS/Device/ST/STM32H7xx/Include -I../../../../../../../Drivers/STM32H7xx_HAL_Driver/Inc -I../../../../../../../Drivers/BSP/STM32H747I-DISCO -I../../../../../../../Drivers/BSP/Components/Common -I../../../../../../../Utilities/lcd -I../../../../../../../Utilities/Fonts -I../../../../../../../Utilities/CPU -I../../../../../../../Middlewares/ST/STM32_Audio/Addons/PDM/Inc -I../../../../../../../Drivers/CMSIS/Include -O0 -ffunction-sections -fdata-sections -Wall -fstack-usage -fcyclomatic-complexity -MMD -MP -MF"Drivers/STM32H7xx_HAL_Driver/stm32h7xx_ll_fmc.d" -MT"Drivers/STM32H7xx_HAL_Driver/stm32h7xx_ll_fmc.o" --specs=nano.specs -mfpu=fpv5-d16 -mfloat-abi=hard -mthumb -o "Drivers/STM32H7xx_HAL_Driver/stm32h7xx_ll_fmc.o"
arm-none-eabi-gcc "D:/stm original/carpeta con parche/STM32Cube_FW_H7_V1.11.0/Drivers/STM32H7xx_HAL_Driver/Src/stm32h7xx_ll_sdmmc.c" -mcpu=cortex-m7 -std=gnu11 -g3 -DDEBUG -DUSE_STM32H747I_DISCO -DUSE_HAL_DRIVER -DSTM32H747xx -DCORE_CM7 -DTS_MULTI_TOUCH_SUPPORTED -c -I../../../CM7/Inc -I../../../../../../../Drivers/CMSIS/Device/ST/STM32H7xx/Include -I../../../../../../../Drivers/STM32H7xx_HAL_Driver/Inc -I../../../../../../../Drivers/BSP/STM32H747I-DISCO -I../../../../../../../Drivers/BSP/Components/Common -I../../../../../../../Utilities/lcd -I../../../../../../../Utilities/Fonts -I../../../../../../../Utilities/CPU -I../../../../../../../Middlewares/ST/STM32_Audio/Addons/PDM/Inc -I../../../../../../../Drivers/CMSIS/Include -O0 -ffunction-sections -fdata-sections -Wall -fstack-usage -fcyclomatic-complexity -MMD -MP -MF"Drivers/STM32H7xx_HAL_Driver/stm32h7xx_ll_sdmmc.d" -MT"Drivers/STM32H7xx_HAL_Driver/stm32h7xx_ll_sdmmc.o" --specs=nano.specs -mfpu=fpv5-d16 -mfloat-abi=hard -mthumb -o "Drivers/STM32H7xx_HAL_Driver/stm32h7xx_ll_sdmmc.o"
arm-none-eabi-gcc "D:/stm original/carpeta con parche/STM32Cube_FW_H7_V1.11.0/Projects/STM32H747I-DISCO/Examples/BSP/Common/Src/system_stm32h7xx.c" -mcpu=cortex-m7 -std=gnu11 -g3 -DDEBUG -DUSE_STM32H747I_DISCO -DUSE_HAL_DRIVER -DSTM32H747xx -DCORE_CM7 -DTS_MULTI_TOUCH_SUPPORTED -c -I../../../CM7/Inc -I../../../../../../../Drivers/CMSIS/Device/ST/STM32H7xx/Include -I../../../../../../../Drivers/STM32H7xx_HAL_Driver/Inc -I../../../../../../../Drivers/BSP/STM32H747I-DISCO -I../../../../../../../Drivers/BSP/Components/Common -I../../../../../../../Utilities/lcd -I../../../../../../../Utilities/Fonts -I../../../../../../../Utilities/CPU -I../../../../../../../Middlewares/ST/STM32_Audio/Addons/PDM/Inc -I../../../../../../../Drivers/CMSIS/Include -O0 -ffunction-sections -fdata-sections -Wall -fstack-usage -fcyclomatic-complexity -MMD -MP -MF"Drivers/CMSIS/system_stm32h7xx.d" -MT"Drivers/CMSIS/system_stm32h7xx.o" --specs=nano.specs -mfpu=fpv5-d16 -mfloat-abi=hard -mthumb -o "Drivers/CMSIS/system_stm32h7xx.o"
arm-none-eabi-gcc "D:/stm original/carpeta con parche/STM32Cube_FW_H7_V1.11.0/Drivers/BSP/STM32H747I-DISCO/stm32h747i_discovery.c" -mcpu=cortex-m7 -std=gnu11 -g3 -DDEBUG -DUSE_STM32H747I_DISCO -DUSE_HAL_DRIVER -DSTM32H747xx -DCORE_CM7 -DTS_MULTI_TOUCH_SUPPORTED -c -I../../../CM7/Inc -I../../../../../../../Drivers/CMSIS/Device/ST/STM32H7xx/Include -I../../../../../../../Drivers/STM32H7xx_HAL_Driver/Inc -I../../../../../../../Drivers/BSP/STM32H747I-DISCO -I../../../../../../../Drivers/BSP/Components/Common -I../../../../../../../Utilities/lcd -I../../../../../../../Utilities/Fonts -I../../../../../../../Utilities/CPU -I../../../../../../../Middlewares/ST/STM32_Audio/Addons/PDM/Inc -I../../../../../../../Drivers/CMSIS/Include -O0 -ffunction-sections -fdata-sections -Wall -fstack-usage -fcyclomatic-complexity -MMD -MP -MF"Drivers/BSP/STM32H747I_DISCOVERY/stm32h747i_discovery.d" -MT"Drivers/BSP/STM32H747I_DISCOVERY/stm32h747i_discovery.o" --specs=nano.specs -mfpu=fpv5-d16 -mfloat-abi=hard -mthumb -o "Drivers/BSP/STM32H747I_DISCOVERY/stm32h747i_discovery.o"
arm-none-eabi-gcc "D:/stm original/carpeta con parche/STM32Cube_FW_H7_V1.11.0/Drivers/BSP/STM32H747I-DISCO/stm32h747i_discovery_audio.c" -mcpu=cortex-m7 -std=gnu11 -g3 -DDEBUG -DUSE_STM32H747I_DISCO -DUSE_HAL_DRIVER -DSTM32H747xx -DCORE_CM7 -DTS_MULTI_TOUCH_SUPPORTED -c -I../../../CM7/Inc -I../../../../../../../Drivers/CMSIS/Device/ST/STM32H7xx/Include -I../../../../../../../Drivers/STM32H7xx_HAL_Driver/Inc -I../../../../../../../Drivers/BSP/STM32H747I-DISCO -I../../../../../../../Drivers/BSP/Components/Common -I../../../../../../../Utilities/lcd -I../../../../../../../Utilities/Fonts -I../../../../../../../Utilities/CPU -I../../../../../../../Middlewares/ST/STM32_Audio/Addons/PDM/Inc -I../../../../../../../Drivers/CMSIS/Include -O0 -ffunction-sections -fdata-sections -Wall -fstack-usage -fcyclomatic-complexity -MMD -MP -MF"Drivers/BSP/STM32H747I_DISCOVERY/stm32h747i_discovery_audio.d" -MT"Drivers/BSP/STM32H747I_DISCOVERY/stm32h747i_discovery_audio.o" --specs=nano.specs -mfpu=fpv5-d16 -mfloat-abi=hard -mthumb -o "Drivers/BSP/STM32H747I_DISCOVERY/stm32h747i_discovery_audio.o"
arm-none-eabi-gcc "D:/stm original/carpeta con parche/STM32Cube_FW_H7_V1.11.0/Drivers/BSP/STM32H747I-DISCO/stm32h747i_discovery_bus.c" -mcpu=cortex-m7 -std=gnu11 -g3 -DDEBUG -DUSE_STM32H747I_DISCO -DUSE_HAL_DRIVER -DSTM32H747xx -DCORE_CM7 -DTS_MULTI_TOUCH_SUPPORTED -c -I../../../CM7/Inc -I../../../../../../../Drivers/CMSIS/Device/ST/STM32H7xx/Include -I../../../../../../../Drivers/STM32H7xx_HAL_Driver/Inc -I../../../../../../../Drivers/BSP/STM32H747I-DISCO -I../../../../../../../Drivers/BSP/Components/Common -I../../../../../../../Utilities/lcd -I../../../../../../../Utilities/Fonts -I../../../../../../../Utilities/CPU -I../../../../../../../Middlewares/ST/STM32_Audio/Addons/PDM/Inc -I../../../../../../../Drivers/CMSIS/Include -O0 -ffunction-sections -fdata-sections -Wall -fstack-usage -fcyclomatic-complexity -MMD -MP -MF"Drivers/BSP/STM32H747I_DISCOVERY/stm32h747i_discovery_bus.d" -MT"Drivers/BSP/STM32H747I_DISCOVERY/stm32h747i_discovery_bus.o" --specs=nano.specs -mfpu=fpv5-d16 -mfloat-abi=hard -mthumb -o "Drivers/BSP/STM32H747I_DISCOVERY/stm32h747i_discovery_bus.o"
arm-none-eabi-gcc "D:/stm original/carpeta con parche/STM32Cube_FW_H7_V1.11.0/Drivers/BSP/STM32H747I-DISCO/stm32h747i_discovery_camera.c" -mcpu=cortex-m7 -std=gnu11 -g3 -DDEBUG -DUSE_STM32H747I_DISCO -DUSE_HAL_DRIVER -DSTM32H747xx -DCORE_CM7 -DTS_MULTI_TOUCH_SUPPORTED -c -I../../../CM7/Inc -I../../../../../../../Drivers/CMSIS/Device/ST/STM32H7xx/Include -I../../../../../../../Drivers/STM32H7xx_HAL_Driver/Inc -I../../../../../../../Drivers/BSP/STM32H747I-DISCO -I../../../../../../../Drivers/BSP/Components/Common -I../../../../../../../Utilities/lcd -I../../../../../../../Utilities/Fonts -I../../../../../../../Utilities/CPU -I../../../../../../../Middlewares/ST/STM32_Audio/Addons/PDM/Inc -I../../../../../../../Drivers/CMSIS/Include -O0 -ffunction-sections -fdata-sections -Wall -fstack-usage -fcyclomatic-complexity -MMD -MP -MF"Drivers/BSP/STM32H747I_DISCOVERY/stm32h747i_discovery_camera.d" -MT"Drivers/BSP/STM32H747I_DISCOVERY/stm32h747i_discovery_camera.o" --specs=nano.specs -mfpu=fpv5-d16 -mfloat-abi=hard -mthumb -o "Drivers/BSP/STM32H747I_DISCOVERY/stm32h747i_discovery_camera.o"
arm-none-eabi-gcc "D:/stm original/carpeta con parche/STM32Cube_FW_H7_V1.11.0/Drivers/BSP/STM32H747I-DISCO/stm32h747i_discovery_lcd.c" -mcpu=cortex-m7 -std=gnu11 -g3 -DDEBUG -DUSE_STM32H747I_DISCO -DUSE_HAL_DRIVER -DSTM32H747xx -DCORE_CM7 -DTS_MULTI_TOUCH_SUPPORTED -c -I../../../CM7/Inc -I../../../../../../../Drivers/CMSIS/Device/ST/STM32H7xx/Include -I../../../../../../../Drivers/STM32H7xx_HAL_Driver/Inc -I../../../../../../../Drivers/BSP/STM32H747I-DISCO -I../../../../../../../Drivers/BSP/Components/Common -I../../../../../../../Utilities/lcd -I../../../../../../../Utilities/Fonts -I../../../../../../../Utilities/CPU -I../../../../../../../Middlewares/ST/STM32_Audio/Addons/PDM/Inc -I../../../../../../../Drivers/CMSIS/Include -O0 -ffunction-sections -fdata-sections -Wall -fstack-usage -fcyclomatic-complexity -MMD -MP -MF"Drivers/BSP/STM32H747I_DISCOVERY/stm32h747i_discovery_lcd.d" -MT"Drivers/BSP/STM32H747I_DISCOVERY/stm32h747i_discovery_lcd.o" --specs=nano.specs -mfpu=fpv5-d16 -mfloat-abi=hard -mthumb -o "Drivers/BSP/STM32H747I_DISCOVERY/stm32h747i_discovery_lcd.o"
arm-none-eabi-gcc "D:/stm original/carpeta con parche/STM32Cube_FW_H7_V1.11.0/Drivers/BSP/STM32H747I-DISCO/stm32h747i_discovery_qspi.c" -mcpu=cortex-m7 -std=gnu11 -g3 -DDEBUG -DUSE_STM32H747I_DISCO -DUSE_HAL_DRIVER -DSTM32H747xx -DCORE_CM7 -DTS_MULTI_TOUCH_SUPPORTED -c -I../../../CM7/Inc -I../../../../../../../Drivers/CMSIS/Device/ST/STM32H7xx/Include -I../../../../../../../Drivers/STM32H7xx_HAL_Driver/Inc -I../../../../../../../Drivers/BSP/STM32H747I-DISCO -I../../../../../../../Drivers/BSP/Components/Common -I../../../../../../../Utilities/lcd -I../../../../../../../Utilities/Fonts -I../../../../../../../Utilities/CPU -I../../../../../../../Middlewares/ST/STM32_Audio/Addons/PDM/Inc -I../../../../../../../Drivers/CMSIS/Include -O0 -ffunction-sections -fdata-sections -Wall -fstack-usage -fcyclomatic-complexity -MMD -MP -MF"Drivers/BSP/STM32H747I_DISCOVERY/stm32h747i_discovery_qspi.d" -MT"Drivers/BSP/STM32H747I_DISCOVERY/stm32h747i_discovery_qspi.o" --specs=nano.specs -mfpu=fpv5-d16 -mfloat-abi=hard -mthumb -o "Drivers/BSP/STM32H747I_DISCOVERY/stm32h747i_discovery_qspi.o"
arm-none-eabi-gcc "D:/stm original/carpeta con parche/STM32Cube_FW_H7_V1.11.0/Drivers/BSP/STM32H747I-DISCO/stm32h747i_discovery_sd.c" -mcpu=cortex-m7 -std=gnu11 -g3 -DDEBUG -DUSE_STM32H747I_DISCO -DUSE_HAL_DRIVER -DSTM32H747xx -DCORE_CM7 -DTS_MULTI_TOUCH_SUPPORTED -c -I../../../CM7/Inc -I../../../../../../../Drivers/CMSIS/Device/ST/STM32H7xx/Include -I../../../../../../../Drivers/STM32H7xx_HAL_Driver/Inc -I../../../../../../../Drivers/BSP/STM32H747I-DISCO -I../../../../../../../Drivers/BSP/Components/Common -I../../../../../../../Utilities/lcd -I../../../../../../../Utilities/Fonts -I../../../../../../../Utilities/CPU -I../../../../../../../Middlewares/ST/STM32_Audio/Addons/PDM/Inc -I../../../../../../../Drivers/CMSIS/Include -O0 -ffunction-sections -fdata-sections -Wall -fstack-usage -fcyclomatic-complexity -MMD -MP -MF"Drivers/BSP/STM32H747I_DISCOVERY/stm32h747i_discovery_sd.d" -MT"Drivers/BSP/STM32H747I_DISCOVERY/stm32h747i_discovery_sd.o" --specs=nano.specs -mfpu=fpv5-d16 -mfloat-abi=hard -mthumb -o "Drivers/BSP/STM32H747I_DISCOVERY/stm32h747i_discovery_sd.o"
arm-none-eabi-gcc "D:/stm original/carpeta con parche/STM32Cube_FW_H7_V1.11.0/Drivers/BSP/STM32H747I-DISCO/stm32h747i_discovery_sdram.c" -mcpu=cortex-m7 -std=gnu11 -g3 -DDEBUG -DUSE_STM32H747I_DISCO -DUSE_HAL_DRIVER -DSTM32H747xx -DCORE_CM7 -DTS_MULTI_TOUCH_SUPPORTED -c -I../../../CM7/Inc -I../../../../../../../Drivers/CMSIS/Device/ST/STM32H7xx/Include -I../../../../../../../Drivers/STM32H7xx_HAL_Driver/Inc -I../../../../../../../Drivers/BSP/STM32H747I-DISCO -I../../../../../../../Drivers/BSP/Components/Common -I../../../../../../../Utilities/lcd -I../../../../../../../Utilities/Fonts -I../../../../../../../Utilities/CPU -I../../../../../../../Middlewares/ST/STM32_Audio/Addons/PDM/Inc -I../../../../../../../Drivers/CMSIS/Include -O0 -ffunction-sections -fdata-sections -Wall -fstack-usage -fcyclomatic-complexity -MMD -MP -MF"Drivers/BSP/STM32H747I_DISCOVERY/stm32h747i_discovery_sdram.d" -MT"Drivers/BSP/STM32H747I_DISCOVERY/stm32h747i_discovery_sdram.o" --specs=nano.specs -mfpu=fpv5-d16 -mfloat-abi=hard -mthumb -o "Drivers/BSP/STM32H747I_DISCOVERY/stm32h747i_discovery_sdram.o"
arm-none-eabi-gcc "D:/stm original/carpeta con parche/STM32Cube_FW_H7_V1.11.0/Drivers/BSP/STM32H747I-DISCO/stm32h747i_discovery_ts.c" -mcpu=cortex-m7 -std=gnu11 -g3 -DDEBUG -DUSE_STM32H747I_DISCO -DUSE_HAL_DRIVER -DSTM32H747xx -DCORE_CM7 -DTS_MULTI_TOUCH_SUPPORTED -c -I../../../CM7/Inc -I../../../../../../../Drivers/CMSIS/Device/ST/STM32H7xx/Include -I../../../../../../../Drivers/STM32H7xx_HAL_Driver/Inc -I../../../../../../../Drivers/BSP/STM32H747I-DISCO -I../../../../../../../Drivers/BSP/Components/Common -I../../../../../../../Utilities/lcd -I../../../../../../../Utilities/Fonts -I../../../../../../../Utilities/CPU -I../../../../../../../Middlewares/ST/STM32_Audio/Addons/PDM/Inc -I../../../../../../../Drivers/CMSIS/Include -O0 -ffunction-sections -fdata-sections -Wall -fstack-usage -fcyclomatic-complexity -MMD -MP -MF"Drivers/BSP/STM32H747I_DISCOVERY/stm32h747i_discovery_ts.d" -MT"Drivers/BSP/STM32H747I_DISCOVERY/stm32h747i_discovery_ts.o" --specs=nano.specs -mfpu=fpv5-d16 -mfloat-abi=hard -mthumb -o "Drivers/BSP/STM32H747I_DISCOVERY/stm32h747i_discovery_ts.o"
arm-none-eabi-gcc "D:/stm original/carpeta con parche/STM32Cube_FW_H7_V1.11.0/Drivers/BSP/Components/adv7533/adv7533.c" -mcpu=cortex-m7 -std=gnu11 -g3 -DDEBUG -DUSE_STM32H747I_DISCO -DUSE_HAL_DRIVER -DSTM32H747xx -DCORE_CM7 -DTS_MULTI_TOUCH_SUPPORTED -c -I../../../CM7/Inc -I../../../../../../../Drivers/CMSIS/Device/ST/STM32H7xx/Include -I../../../../../../../Drivers/STM32H7xx_HAL_Driver/Inc -I../../../../../../../Drivers/BSP/STM32H747I-DISCO -I../../../../../../../Drivers/BSP/Components/Common -I../../../../../../../Utilities/lcd -I../../../../../../../Utilities/Fonts -I../../../../../../../Utilities/CPU -I../../../../../../../Middlewares/ST/STM32_Audio/Addons/PDM/Inc -I../../../../../../../Drivers/CMSIS/Include -O0 -ffunction-sections -fdata-sections -Wall -fstack-usage -fcyclomatic-complexity -MMD -MP -MF"Drivers/BSP/Components/adv7533.d" -MT"Drivers/BSP/Components/adv7533.o" --specs=nano.specs -mfpu=fpv5-d16 -mfloat-abi=hard -mthumb -o "Drivers/BSP/Components/adv7533.o"
arm-none-eabi-gcc "D:/stm original/carpeta con parche/STM32Cube_FW_H7_V1.11.0/Drivers/BSP/Components/adv7533/adv7533_reg.c" -mcpu=cortex-m7 -std=gnu11 -g3 -DDEBUG -DUSE_STM32H747I_DISCO -DUSE_HAL_DRIVER -DSTM32H747xx -DCORE_CM7 -DTS_MULTI_TOUCH_SUPPORTED -c -I../../../CM7/Inc -I../../../../../../../Drivers/CMSIS/Device/ST/STM32H7xx/Include -I../../../../../../../Drivers/STM32H7xx_HAL_Driver/Inc -I../../../../../../../Drivers/BSP/STM32H747I-DISCO -I../../../../../../../Drivers/BSP/Components/Common -I../../../../../../../Utilities/lcd -I../../../../../../../Utilities/Fonts -I../../../../../../../Utilities/CPU -I../../../../../../../Middlewares/ST/STM32_Audio/Addons/PDM/Inc -I../../../../../../../Drivers/CMSIS/Include -O0 -ffunction-sections -fdata-sections -Wall -fstack-usage -fcyclomatic-complexity -MMD -MP -MF"Drivers/BSP/Components/adv7533_reg.d" -MT"Drivers/BSP/Components/adv7533_reg.o" --specs=nano.specs -mfpu=fpv5-d16 -mfloat-abi=hard -mthumb -o "Drivers/BSP/Components/adv7533_reg.o"
arm-none-eabi-gcc "D:/stm original/carpeta con parche/STM32Cube_FW_H7_V1.11.0/Drivers/BSP/Components/ft6x06/ft6x06.c" -mcpu=cortex-m7 -std=gnu11 -g3 -DDEBUG -DUSE_STM32H747I_DISCO -DUSE_HAL_DRIVER -DSTM32H747xx -DCORE_CM7 -DTS_MULTI_TOUCH_SUPPORTED -c -I../../../CM7/Inc -I../../../../../../../Drivers/CMSIS/Device/ST/STM32H7xx/Include -I../../../../../../../Drivers/STM32H7xx_HAL_Driver/Inc -I../../../../../../../Drivers/BSP/STM32H747I-DISCO -I../../../../../../../Drivers/BSP/Components/Common -I../../../../../../../Utilities/lcd -I../../../../../../../Utilities/Fonts -I../../../../../../../Utilities/CPU -I../../../../../../../Middlewares/ST/STM32_Audio/Addons/PDM/Inc -I../../../../../../../Drivers/CMSIS/Include -O0 -ffunction-sections -fdata-sections -Wall -fstack-usage -fcyclomatic-complexity -MMD -MP -MF"Drivers/BSP/Components/ft6x06.d" -MT"Drivers/BSP/Components/ft6x06.o" --specs=nano.specs -mfpu=fpv5-d16 -mfloat-abi=hard -mthumb -o "Drivers/BSP/Components/ft6x06.o"
arm-none-eabi-gcc "D:/stm original/carpeta con parche/STM32Cube_FW_H7_V1.11.0/Drivers/BSP/Components/ft6x06/ft6x06_reg.c" -mcpu=cortex-m7 -std=gnu11 -g3 -DDEBUG -DUSE_STM32H747I_DISCO -DUSE_HAL_DRIVER -DSTM32H747xx -DCORE_CM7 -DTS_MULTI_TOUCH_SUPPORTED -c -I../../../CM7/Inc -I../../../../../../../Drivers/CMSIS/Device/ST/STM32H7xx/Include -I../../../../../../../Drivers/STM32H7xx_HAL_Driver/Inc -I../../../../../../../Drivers/BSP/STM32H747I-DISCO -I../../../../../../../Drivers/BSP/Components/Common -I../../../../../../../Utilities/lcd -I../../../../../../../Utilities/Fonts -I../../../../../../../Utilities/CPU -I../../../../../../../Middlewares/ST/STM32_Audio/Addons/PDM/Inc -I../../../../../../../Drivers/CMSIS/Include -O0 -ffunction-sections -fdata-sections -Wall -fstack-usage -fcyclomatic-complexity -MMD -MP -MF"Drivers/BSP/Components/ft6x06_reg.d" -MT"Drivers/BSP/Components/ft6x06_reg.o" --specs=nano.specs -mfpu=fpv5-d16 -mfloat-abi=hard -mthumb -o "Drivers/BSP/Components/ft6x06_reg.o"
arm-none-eabi-gcc "D:/stm original/carpeta con parche/STM32Cube_FW_H7_V1.11.0/Drivers/BSP/Components/is42s32800j/is42s32800j.c" -mcpu=cortex-m7 -std=gnu11 -g3 -DDEBUG -DUSE_STM32H747I_DISCO -DUSE_HAL_DRIVER -DSTM32H747xx -DCORE_CM7 -DTS_MULTI_TOUCH_SUPPORTED -c -I../../../CM7/Inc -I../../../../../../../Drivers/CMSIS/Device/ST/STM32H7xx/Include -I../../../../../../../Drivers/STM32H7xx_HAL_Driver/Inc -I../../../../../../../Drivers/BSP/STM32H747I-DISCO -I../../../../../../../Drivers/BSP/Components/Common -I../../../../../../../Utilities/lcd -I../../../../../../../Utilities/Fonts -I../../../../../../../Utilities/CPU -I../../../../../../../Middlewares/ST/STM32_Audio/Addons/PDM/Inc -I../../../../../../../Drivers/CMSIS/Include -O0 -ffunction-sections -fdata-sections -Wall -fstack-usage -fcyclomatic-complexity -MMD -MP -MF"Drivers/BSP/Components/is42s32800j.d" -MT"Drivers/BSP/Components/is42s32800j.o" --specs=nano.specs -mfpu=fpv5-d16 -mfloat-abi=hard -mthumb -o "Drivers/BSP/Components/is42s32800j.o"
arm-none-eabi-gcc "D:/stm original/carpeta con parche/STM32Cube_FW_H7_V1.11.0/Drivers/BSP/Components/mt25tl01g/mt25tl01g.c" -mcpu=cortex-m7 -std=gnu11 -g3 -DDEBUG -DUSE_STM32H747I_DISCO -DUSE_HAL_DRIVER -DSTM32H747xx -DCORE_CM7 -DTS_MULTI_TOUCH_SUPPORTED -c -I../../../CM7/Inc -I../../../../../../../Drivers/CMSIS/Device/ST/STM32H7xx/Include -I../../../../../../../Drivers/STM32H7xx_HAL_Driver/Inc -I../../../../../../../Drivers/BSP/STM32H747I-DISCO -I../../../../../../../Drivers/BSP/Components/Common -I../../../../../../../Utilities/lcd -I../../../../../../../Utilities/Fonts -I../../../../../../../Utilities/CPU -I../../../../../../../Middlewares/ST/STM32_Audio/Addons/PDM/Inc -I../../../../../../../Drivers/CMSIS/Include -O0 -ffunction-sections -fdata-sections -Wall -fstack-usage -fcyclomatic-complexity -MMD -MP -MF"Drivers/BSP/Components/mt25tl01g.d" -MT"Drivers/BSP/Components/mt25tl01g.o" --specs=nano.specs -mfpu=fpv5-d16 -mfloat-abi=hard -mthumb -o "Drivers/BSP/Components/mt25tl01g.o"
arm-none-eabi-gcc "D:/stm original/carpeta con parche/STM32Cube_FW_H7_V1.11.0/Drivers/BSP/Components/nt35510/nt35510.c" -mcpu=cortex-m7 -std=gnu11 -g3 -DDEBUG -DUSE_STM32H747I_DISCO -DUSE_HAL_DRIVER -DSTM32H747xx -DCORE_CM7 -DTS_MULTI_TOUCH_SUPPORTED -c -I../../../CM7/Inc -I../../../../../../../Drivers/CMSIS/Device/ST/STM32H7xx/Include -I../../../../../../../Drivers/STM32H7xx_HAL_Driver/Inc -I../../../../../../../Drivers/BSP/STM32H747I-DISCO -I../../../../../../../Drivers/BSP/Components/Common -I../../../../../../../Utilities/lcd -I../../../../../../../Utilities/Fonts -I../../../../../../../Utilities/CPU -I../../../../../../../Middlewares/ST/STM32_Audio/Addons/PDM/Inc -I../../../../../../../Drivers/CMSIS/Include -O0 -ffunction-sections -fdata-sections -Wall -fstack-usage -fcyclomatic-complexity -MMD -MP -MF"Drivers/BSP/Components/nt35510.d" -MT"Drivers/BSP/Components/nt35510.o" --specs=nano.specs -mfpu=fpv5-d16 -mfloat-abi=hard -mthumb -o "Drivers/BSP/Components/nt35510.o"
arm-none-eabi-gcc "D:/stm original/carpeta con parche/STM32Cube_FW_H7_V1.11.0/Drivers/BSP/Components/nt35510/nt35510_reg.c" -mcpu=cortex-m7 -std=gnu11 -g3 -DDEBUG -DUSE_STM32H747I_DISCO -DUSE_HAL_DRIVER -DSTM32H747xx -DCORE_CM7 -DTS_MULTI_TOUCH_SUPPORTED -c -I../../../CM7/Inc -I../../../../../../../Drivers/CMSIS/Device/ST/STM32H7xx/Include -I../../../../../../../Drivers/STM32H7xx_HAL_Driver/Inc -I../../../../../../../Drivers/BSP/STM32H747I-DISCO -I../../../../../../../Drivers/BSP/Components/Common -I../../../../../../../Utilities/lcd -I../../../../../../../Utilities/Fonts -I../../../../../../../Utilities/CPU -I../../../../../../../Middlewares/ST/STM32_Audio/Addons/PDM/Inc -I../../../../../../../Drivers/CMSIS/Include -O0 -ffunction-sections -fdata-sections -Wall -fstack-usage -fcyclomatic-complexity -MMD -MP -MF"Drivers/BSP/Components/nt35510_reg.d" -MT"Drivers/BSP/Components/nt35510_reg.o" --specs=nano.specs -mfpu=fpv5-d16 -mfloat-abi=hard -mthumb -o "Drivers/BSP/Components/nt35510_reg.o"
arm-none-eabi-gcc "D:/stm original/carpeta con parche/STM32Cube_FW_H7_V1.11.0/Drivers/BSP/Components/otm8009a/otm8009a.c" -mcpu=cortex-m7 -std=gnu11 -g3 -DDEBUG -DUSE_STM32H747I_DISCO -DUSE_HAL_DRIVER -DSTM32H747xx -DCORE_CM7 -DTS_MULTI_TOUCH_SUPPORTED -c -I../../../CM7/Inc -I../../../../../../../Drivers/CMSIS/Device/ST/STM32H7xx/Include -I../../../../../../../Drivers/STM32H7xx_HAL_Driver/Inc -I../../../../../../../Drivers/BSP/STM32H747I-DISCO -I../../../../../../../Drivers/BSP/Components/Common -I../../../../../../../Utilities/lcd -I../../../../../../../Utilities/Fonts -I../../../../../../../Utilities/CPU -I../../../../../../../Middlewares/ST/STM32_Audio/Addons/PDM/Inc -I../../../../../../../Drivers/CMSIS/Include -O0 -ffunction-sections -fdata-sections -Wall -fstack-usage -fcyclomatic-complexity -MMD -MP -MF"Drivers/BSP/Components/otm8009a.d" -MT"Drivers/BSP/Components/otm8009a.o" --specs=nano.specs -mfpu=fpv5-d16 -mfloat-abi=hard -mthumb -o "Drivers/BSP/Components/otm8009a.o"
arm-none-eabi-gcc "D:/stm original/carpeta con parche/STM32Cube_FW_H7_V1.11.0/Drivers/BSP/Components/otm8009a/otm8009a_reg.c" -mcpu=cortex-m7 -std=gnu11 -g3 -DDEBUG -DUSE_STM32H747I_DISCO -DUSE_HAL_DRIVER -DSTM32H747xx -DCORE_CM7 -DTS_MULTI_TOUCH_SUPPORTED -c -I../../../CM7/Inc -I../../../../../../../Drivers/CMSIS/Device/ST/STM32H7xx/Include -I../../../../../../../Drivers/STM32H7xx_HAL_Driver/Inc -I../../../../../../../Drivers/BSP/STM32H747I-DISCO -I../../../../../../../Drivers/BSP/Components/Common -I../../../../../../../Utilities/lcd -I../../../../../../../Utilities/Fonts -I../../../../../../../Utilities/CPU -I../../../../../../../Middlewares/ST/STM32_Audio/Addons/PDM/Inc -I../../../../../../../Drivers/CMSIS/Include -O0 -ffunction-sections -fdata-sections -Wall -fstack-usage -fcyclomatic-complexity -MMD -MP -MF"Drivers/BSP/Components/otm8009a_reg.d" -MT"Drivers/BSP/Components/otm8009a_reg.o" --specs=nano.specs -mfpu=fpv5-d16 -mfloat-abi=hard -mthumb -o "Drivers/BSP/Components/otm8009a_reg.o"
arm-none-eabi-gcc "D:/stm original/carpeta con parche/STM32Cube_FW_H7_V1.11.0/Drivers/BSP/Components/ov5640/ov5640.c" -mcpu=cortex-m7 -std=gnu11 -g3 -DDEBUG -DUSE_STM32H747I_DISCO -DUSE_HAL_DRIVER -DSTM32H747xx -DCORE_CM7 -DTS_MULTI_TOUCH_SUPPORTED -c -I../../../CM7/Inc -I../../../../../../../Drivers/CMSIS/Device/ST/STM32H7xx/Include -I../../../../../../../Drivers/STM32H7xx_HAL_Driver/Inc -I../../../../../../../Drivers/BSP/STM32H747I-DISCO -I../../../../../../../Drivers/BSP/Components/Common -I../../../../../../../Utilities/lcd -I../../../../../../../Utilities/Fonts -I../../../../../../../Utilities/CPU -I../../../../../../../Middlewares/ST/STM32_Audio/Addons/PDM/Inc -I../../../../../../../Drivers/CMSIS/Include -O0 -ffunction-sections -fdata-sections -Wall -fstack-usage -fcyclomatic-complexity -MMD -MP -MF"Drivers/BSP/Components/ov5640.d" -MT"Drivers/BSP/Components/ov5640.o" --specs=nano.specs -mfpu=fpv5-d16 -mfloat-abi=hard -mthumb -o "Drivers/BSP/Components/ov5640.o"
arm-none-eabi-gcc "D:/stm original/carpeta con parche/STM32Cube_FW_H7_V1.11.0/Drivers/BSP/Components/ov5640/ov5640_reg.c" -mcpu=cortex-m7 -std=gnu11 -g3 -DDEBUG -DUSE_STM32H747I_DISCO -DUSE_HAL_DRIVER -DSTM32H747xx -DCORE_CM7 -DTS_MULTI_TOUCH_SUPPORTED -c -I../../../CM7/Inc -I../../../../../../../Drivers/CMSIS/Device/ST/STM32H7xx/Include -I../../../../../../../Drivers/STM32H7xx_HAL_Driver/Inc -I../../../../../../../Drivers/BSP/STM32H747I-DISCO -I../../../../../../../Drivers/BSP/Components/Common -I../../../../../../../Utilities/lcd -I../../../../../../../Utilities/Fonts -I../../../../../../../Utilities/CPU -I../../../../../../../Middlewares/ST/STM32_Audio/Addons/PDM/Inc -I../../../../../../../Drivers/CMSIS/Include -O0 -ffunction-sections -fdata-sections -Wall -fstack-usage -fcyclomatic-complexity -MMD -MP -MF"Drivers/BSP/Components/ov5640_reg.d" -MT"Drivers/BSP/Components/ov5640_reg.o" --specs=nano.specs -mfpu=fpv5-d16 -mfloat-abi=hard -mthumb -o "Drivers/BSP/Components/ov5640_reg.o"
arm-none-eabi-gcc "D:/stm original/carpeta con parche/STM32Cube_FW_H7_V1.11.0/Drivers/BSP/Components/ov9655/ov9655.c" -mcpu=cortex-m7 -std=gnu11 -g3 -DDEBUG -DUSE_STM32H747I_DISCO -DUSE_HAL_DRIVER -DSTM32H747xx -DCORE_CM7 -DTS_MULTI_TOUCH_SUPPORTED -c -I../../../CM7/Inc -I../../../../../../../Drivers/CMSIS/Device/ST/STM32H7xx/Include -I../../../../../../../Drivers/STM32H7xx_HAL_Driver/Inc -I../../../../../../../Drivers/BSP/STM32H747I-DISCO -I../../../../../../../Drivers/BSP/Components/Common -I../../../../../../../Utilities/lcd -I../../../../../../../Utilities/Fonts -I../../../../../../../Utilities/CPU -I../../../../../../../Middlewares/ST/STM32_Audio/Addons/PDM/Inc -I../../../../../../../Drivers/CMSIS/Include -O0 -ffunction-sections -fdata-sections -Wall -fstack-usage -fcyclomatic-complexity -MMD -MP -MF"Drivers/BSP/Components/ov9655.d" -MT"Drivers/BSP/Components/ov9655.o" --specs=nano.specs -mfpu=fpv5-d16 -mfloat-abi=hard -mthumb -o "Drivers/BSP/Components/ov9655.o"
arm-none-eabi-gcc "D:/stm original/carpeta con parche/STM32Cube_FW_H7_V1.11.0/Drivers/BSP/Components/ov9655/ov9655_reg.c" -mcpu=cortex-m7 -std=gnu11 -g3 -DDEBUG -DUSE_STM32H747I_DISCO -DUSE_HAL_DRIVER -DSTM32H747xx -DCORE_CM7 -DTS_MULTI_TOUCH_SUPPORTED -c -I../../../CM7/Inc -I../../../../../../../Drivers/CMSIS/Device/ST/STM32H7xx/Include -I../../../../../../../Drivers/STM32H7xx_HAL_Driver/Inc -I../../../../../../../Drivers/BSP/STM32H747I-DISCO -I../../../../../../../Drivers/BSP/Components/Common -I../../../../../../../Utilities/lcd -I../../../../../../../Utilities/Fonts -I../../../../../../../Utilities/CPU -I../../../../../../../Middlewares/ST/STM32_Audio/Addons/PDM/Inc -I../../../../../../../Drivers/CMSIS/Include -O0 -ffunction-sections -fdata-sections -Wall -fstack-usage -fcyclomatic-complexity -MMD -MP -MF"Drivers/BSP/Components/ov9655_reg.d" -MT"Drivers/BSP/Components/ov9655_reg.o" --specs=nano.specs -mfpu=fpv5-d16 -mfloat-abi=hard -mthumb -o "Drivers/BSP/Components/ov9655_reg.o"
arm-none-eabi-gcc "D:/stm original/carpeta con parche/STM32Cube_FW_H7_V1.11.0/Drivers/BSP/Components/wm8994/wm8994.c" -mcpu=cortex-m7 -std=gnu11 -g3 -DDEBUG -DUSE_STM32H747I_DISCO -DUSE_HAL_DRIVER -DSTM32H747xx -DCORE_CM7 -DTS_MULTI_TOUCH_SUPPORTED -c -I../../../CM7/Inc -I../../../../../../../Drivers/CMSIS/Device/ST/STM32H7xx/Include -I../../../../../../../Drivers/STM32H7xx_HAL_Driver/Inc -I../../../../../../../Drivers/BSP/STM32H747I-DISCO -I../../../../../../../Drivers/BSP/Components/Common -I../../../../../../../Utilities/lcd -I../../../../../../../Utilities/Fonts -I../../../../../../../Utilities/CPU -I../../../../../../../Middlewares/ST/STM32_Audio/Addons/PDM/Inc -I../../../../../../../Drivers/CMSIS/Include -O0 -ffunction-sections -fdata-sections -Wall -fstack-usage -fcyclomatic-complexity -MMD -MP -MF"Drivers/BSP/Components/wm8994.d" -MT"Drivers/BSP/Components/wm8994.o" --specs=nano.specs -mfpu=fpv5-d16 -mfloat-abi=hard -mthumb -o "Drivers/BSP/Components/wm8994.o"
arm-none-eabi-gcc "D:/stm original/carpeta con parche/STM32Cube_FW_H7_V1.11.0/Drivers/BSP/Components/wm8994/wm8994_reg.c" -mcpu=cortex-m7 -std=gnu11 -g3 -DDEBUG -DUSE_STM32H747I_DISCO -DUSE_HAL_DRIVER -DSTM32H747xx -DCORE_CM7 -DTS_MULTI_TOUCH_SUPPORTED -c -I../../../CM7/Inc -I../../../../../../../Drivers/CMSIS/Device/ST/STM32H7xx/Include -I../../../../../../../Drivers/STM32H7xx_HAL_Driver/Inc -I../../../../../../../Drivers/BSP/STM32H747I-DISCO -I../../../../../../../Drivers/BSP/Components/Common -I../../../../../../../Utilities/lcd -I../../../../../../../Utilities/Fonts -I../../../../../../../Utilities/CPU -I../../../../../../../Middlewares/ST/STM32_Audio/Addons/PDM/Inc -I../../../../../../../Drivers/CMSIS/Include -O0 -ffunction-sections -fdata-sections -Wall -fstack-usage -fcyclomatic-complexity -MMD -MP -MF"Drivers/BSP/Components/wm8994_reg.d" -MT"Drivers/BSP/Components/wm8994_reg.o" --specs=nano.specs -mfpu=fpv5-d16 -mfloat-abi=hard -mthumb -o "Drivers/BSP/Components/wm8994_reg.o"
arm-none-eabi-gcc -o "BSP_CM7.elf" @"objects.list"  -l:libPDMFilter_CM7_GCC_wc32.a -mcpu=cortex-m7 -T"D:\stm original\carpeta con parche\STM32Cube_FW_H7_V1.11.0\Projects\STM32H747I-DISCO\Examples\BSP\STM32CubeIDE\CM7\STM32H747XIHX_FLASH.ld" --specs=nosys.specs -Wl,-Map="BSP_CM7.map" -Wl,--gc-sections -static -L../../../../../../../Middlewares/ST/STM32_Audio/Addons/PDM/Lib --specs=nano.specs -mfpu=fpv5-d16 -mfloat-abi=hard -mthumb -Wl,--start-group -lc -lm -Wl,--end-group
Finished building target: BSP_CM7.elf
 
arm-none-eabi-size  BSP_CM7.elf 
arm-none-eabi-objdump -h -S BSP_CM7.elf  > "BSP_CM7.list"
   text	   data	    bss	    dec	    hex	filename
 187668	   3152	  37568	 228388	  37c24	BSP_CM7.elf
Finished building: default.size.stdout
 
Finished building: BSP_CM7.list
 
16:07:19 **** Incremental Build of configuration Debug for project BSP_CM7 ****
make -j8 all 
arm-none-eabi-size  BSP_CM7.elf 
   text	   data	    bss	    dec	    hex	filename
 187668	   3152	  37568	 228388	  37c24	BSP_CM7.elf
Finished building: default.size.stdout
 
